
Running 130 tests using 6 workers

[1A[2K[1/130] [chromium] › e2e\category-page.spec.ts:4:7 › 카테고리 페이지 E2E 테스트 › 카테고리 페이지 로드 및 기본 레이아웃
[1A[2K[2/130] [chromium] › e2e\api-integration.spec.ts:4:7 › Notion API 통합 테스트 › 홈페이지 로드 - 서버 렌더링 확인
[1A[2K[3/130] [chromium] › e2e\home-page.spec.ts:4:7 › 홈 페이지 E2E 테스트 › 홈 페이지 로드 및 기본 레이아웃 확인
[1A[2K[4/130] [chromium] › e2e\dark-mode.spec.ts:4:7 › 다크모드 E2E 테스트 › 다크모드 토글 버튼이 헤더에 표시
[1A[2K[5/130] [chromium] › e2e\lighthouse.spec.ts:4:7 › Lighthouse 성능 및 접근성 검증 › 홈 페이지 기본 메트릭스 확인
[1A[2K[6/130] [chromium] › e2e\integration-flow.spec.ts:4:7 › 통합 E2E 흐름 테스트 › 시나리오1: 홈 → 글 상세 → 이전/다음 네비게이션
[1A[2K[7/130] [chromium] › e2e\api-integration.spec.ts:15:7 › Notion API 통합 테스트 › Notion 데이터베이스 쿼리 동작 확인
[1A[2K[8/130] [chromium] › e2e\home-page.spec.ts:20:7 › 홈 페이지 E2E 테스트 › 최소 10개 이상의 포스트 카드 표시
[1A[2K[9/130] [chromium] › e2e\category-page.spec.ts:28:7 › 카테고리 페이지 E2E 테스트 › 카테고리별 글 필터링 및 표시
[1A[2K[10/130] [chromium] › e2e\dark-mode.spec.ts:21:7 › 다크모드 E2E 테스트 › 다크모드 토글 작동 확인
[1A[2K  1) [chromium] › e2e\integration-flow.spec.ts:4:7 › 통합 E2E 흐름 테스트 › 시나리오1: 홈 → 글 상세 → 이전/다음 네비게이션 ─

    Error: [2mexpect([22m[31mreceived[39m[2m).[22mtoBeGreaterThanOrEqual[2m([22m[32mexpected[39m[2m)[22m

    Expected: >= [32m10[39m
    Received:    [31m3[39m

      11 |     const postCards = page.locator('[data-testid="post-card"]');
      12 |     const cardCount = await postCards.count();
    > 13 |     expect(cardCount).toBeGreaterThanOrEqual(10);
         |                       ^
      14 |
      15 |     // 첫 번째 포스트 클릭
      16 |     const firstPostLink = page.locator('[data-testid="post-link"]').first();
        at C:\Users\wornt\workspace\my-blog\e2e\integration-flow.spec.ts:13:23

    attachment #1: screenshot (image/png) ──────────────────────────────────────────────────────────
    test-results\integration-flow-통합-E2E-흐름-테스트-시나리오1-홈-→-글-상세-→-이전-다음-네비게이션-chromium\test-failed-1.png
    ────────────────────────────────────────────────────────────────────────────────────────────────

    Error Context: test-results\integration-flow-통합-E2E-흐름-테스트-시나리오1-홈-→-글-상세-→-이전-다음-네비게이션-chromium\error-context.md


[1A[2K[11/130] [chromium] › e2e\dark-mode.spec.ts:45:7 › 다크모드 E2E 테스트 › 다크모드에서 색상 CSS 변수 적용
[1A[2K[12/130] [chromium] › e2e\category-page.spec.ts:58:7 › 카테고리 페이지 E2E 테스트 › 카테고리 필터 탭 상태 업데이트
[1A[2K  2) [chromium] › e2e\home-page.spec.ts:20:7 › 홈 페이지 E2E 테스트 › 최소 10개 이상의 포스트 카드 표시 ────────────────

    Error: [2mexpect([22m[31mreceived[39m[2m).[22mtoBeGreaterThanOrEqual[2m([22m[32mexpected[39m[2m)[22m

    Expected: >= [32m10[39m
    Received:    [31m3[39m

      28 |     const count = await postCards.count();
      29 |
    > 30 |     expect(count).toBeGreaterThanOrEqual(10);
         |                   ^
      31 |   });
      32 |
      33 |   test("포스트 카드 구조 검증", async ({ page }) => {
        at C:\Users\wornt\workspace\my-blog\e2e\home-page.spec.ts:30:19

    attachment #1: screenshot (image/png) ──────────────────────────────────────────────────────────
    test-results\home-page-홈-페이지-E2E-테스트-최소-10개-이상의-포스트-카드-표시-chromium\test-failed-1.png
    ────────────────────────────────────────────────────────────────────────────────────────────────

    Error Context: test-results\home-page-홈-페이지-E2E-테스트-최소-10개-이상의-포스트-카드-표시-chromium\error-context.md


[1A[2K[13/130] [chromium] › e2e\dark-mode.spec.ts:75:7 › 다크모드 E2E 테스트 › 다크모드 토글 후 페이지 콘텐츠 가독성 확인
[1A[2K[14/130] [chromium] › e2e\category-page.spec.ts:79:7 › 카테고리 페이지 E2E 테스트 › 전체 버튼으로 홈 페이지 이동
[1A[2K[15/130] [chromium] › e2e\category-page.spec.ts:100:7 › 카테고리 페이지 E2E 테스트 › 카테고리 페이지 메타데이터
[1A[2K[16/130] [chromium] › e2e\dark-mode.spec.ts:100:7 › 다크모드 E2E 테스트 › 라이트/다크모드 전환 반복
[1A[2K[17/130] [chromium] › e2e\integration-flow.spec.ts:54:7 › 통합 E2E 흐름 테스트 › 시나리오2: 카테고리 필터링
[1A[2K[18/130] [chromium] › e2e\home-page.spec.ts:33:7 › 홈 페이지 E2E 테스트 › 포스트 카드 구조 검증
[1A[2K[19/130] [chromium] › e2e\category-page.spec.ts:120:7 › 카테고리 페이지 E2E 테스트 › 카테고리 필터 네비게이션 일관성
[1A[2K[20/130] [chromium] › e2e\dark-mode.spec.ts:119:7 › 다크모드 E2E 테스트 › 다크모드 상태 유지 (새로고침 후)
[1A[2K[21/130] [chromium] › e2e\category-page.spec.ts:150:7 › 카테고리 페이지 E2E 테스트 › 카테고리 페이지 grid 레이아웃
[1A[2K[22/130] [chromium] › e2e\home-page.spec.ts:50:7 › 홈 페이지 E2E 테스트 › 빈 상태 처리 (글이 없을 때)
[1A[2K[23/130] [chromium] › e2e\integration-flow.spec.ts:89:7 › 통합 E2E 흐름 테스트 › 시나리오3: 검색 (debouncing) 기능
[1A[2K[24/130] [chromium] › e2e\notion-api.spec.ts:4:7 › Notion API 테스트 › getAllPosts() - 발행된 글 목록 조회
[1A[2K[25/130] [chromium] › e2e\category-page.spec.ts:173:7 › 카테고리 페이지 E2E 테스트 › 카테고리 페이지에서 포스트 링크 클릭
[1A[2K[26/130] [chromium] › e2e\home-page.spec.ts:61:7 › 홈 페이지 E2E 테스트 › grid 레이아웃 반응형 확인
[1A[2K[27/130] [chromium] › e2e\notion-api.spec.ts:14:7 › Notion API 테스트 › getPostBySlug() - 특정 글 조회
[1A[2K[28/130] [chromium] › e2e\category-page.spec.ts:197:7 › 카테고리 페이지 E2E 테스트 › 카테고리 URL 인코딩 처리
[1A[2K[29/130] [chromium] › e2e\home-page.spec.ts:74:7 › 홈 페이지 E2E 테스트 › 포스트 카드 클릭 및 네비게이션
[1A[2K[30/130] [chromium] › e2e\integration-flow.spec.ts:122:7 › 통합 E2E 흐름 테스트 › 시나리오4: 다크모드 전환 및 유지
[1A[2K[31/130] [chromium] › e2e\post-detail.spec.ts:12:7 › 글 상세 페이지 E2E 테스트 › 글 상세 페이지 로드 및 기본 정보 표시
[1A[2K[32/130] [chromium] › e2e\home-page.spec.ts:86:7 › 홈 페이지 E2E 테스트 › 포스트 카드 카테고리 배지 표시
[1A[2K[33/130] [chromium] › e2e\integration-flow.spec.ts:164:7 › 통합 E2E 흐름 테스트 › 엣지케이스: 404 페이지
[1A[2K[34/130] [chromium] › e2e\home-page.spec.ts:100:7 › 홈 페이지 E2E 테스트 › 포스트 카드 태그 표시
[1A[2K[35/130] [chromium] › e2e\post-detail.spec.ts:28:7 › 글 상세 페이지 E2E 테스트 › 글 메타 정보 (카테고리, 태그, 날짜) 표시
[1A[2K[36/130] [chromium] › e2e\responsive-design.spec.ts:50:11 › 반응형 디자인 - 다중 Viewport › 홈 페이지 › Mobile (360px)에서 정상 렌더링
[1A[2K[37/130] [chromium] › e2e\integration-flow.spec.ts:178:7 › 통합 E2E 흐름 테스트 › 엣지케이스: 빈 검색 결과
[1A[2K[38/130] [chromium] › e2e\integration-flow.spec.ts:196:7 › 통합 E2E 흐름 테스트 › 엣지케이스: 카테고리별 글이 없을 때
[1A[2K[39/130] [chromium] › e2e\responsive-design.spec.ts:50:11 › 반응형 디자인 - 다중 Viewport › 홈 페이지 › Mobile (375px - iPhone SE)에서 정상 렌더링
[1A[2K[40/130] [chromium] › e2e\search.spec.ts:4:7 › 검색 기능 E2E 테스트 › 검색 입력창이 헤더에 표시됨
[1A[2K[41/130] [chromium] › e2e\search.spec.ts:16:7 › 검색 기능 E2E 테스트 › 검색 입력 후 검색 페이지로 이동
[1A[2K[42/130] [chromium] › e2e\responsive-design.spec.ts:50:11 › 반응형 디자인 - 다중 Viewport › 홈 페이지 › Mobile (414px - iPhone 12)에서 정상 렌더링
[1A[2K[43/130] [chromium] › e2e\search.spec.ts:34:7 › 검색 기능 E2E 테스트 › 검색 결과 표시
[1A[2K[44/130] [chromium] › e2e\search.spec.ts:47:7 › 검색 기능 E2E 테스트 › 검색 결과가 없을 때 메시지 표시
[1A[2K[45/130] [chromium] › e2e\responsive-design.spec.ts:50:11 › 반응형 디자인 - 다중 Viewport › 홈 페이지 › Tablet (768px - iPad)에서 정상 렌더링
[1A[2K[46/130] [chromium] › e2e\search.spec.ts:60:7 › 검색 기능 E2E 테스트 › 검색 초기화 버튼 작동
[1A[2K[47/130] [chromium] › e2e\search.spec.ts:81:7 › 검색 기능 E2E 테스트 › 제목으로 검색
[1A[2K[48/130] [chromium] › e2e\search.spec.ts:96:7 › 검색 기능 E2E 테스트 › 태그로 검색
[1A[2K[49/130] [chromium] › e2e\search.spec.ts:114:7 › 검색 기능 E2E 테스트 › 검색 페이지에서 포스트 카드 클릭
[1A[2K  3) [chromium] › e2e\search.spec.ts:114:7 › 검색 기능 E2E 테스트 › 검색 페이지에서 포스트 카드 클릭 ────────────────────

    TimeoutError: page.waitForSelector: Timeout 10000ms exceeded.
    Call log:
    [2m  - waiting for locator('[data-testid="post-card"]') to be visible[22m


      116 |
      117 |     // 검색 결과 로드 대기
    > 118 |     await page.waitForSelector('[data-testid="post-card"]', { timeout: 10000 });
          |                ^
      119 |
      120 |     const postCards = page.locator('[data-testid="post-card"]');
      121 |     const count = await postCards.count();
        at C:\Users\wornt\workspace\my-blog\e2e\search.spec.ts:118:16

    attachment #1: screenshot (image/png) ──────────────────────────────────────────────────────────
    test-results\search-검색-기능-E2E-테스트-검색-페이지에서-포스트-카드-클릭-chromium\test-failed-1.png
    ────────────────────────────────────────────────────────────────────────────────────────────────

    Error Context: test-results\search-검색-기능-E2E-테스트-검색-페이지에서-포스트-카드-클릭-chromium\error-context.md


[1A[2K[50/130] [chromium] › e2e\search.spec.ts:133:7 › 검색 기능 E2E 테스트 › 검색 입력 시 debouncing 작동 확인
[1A[2K  4) [chromium] › e2e\search.spec.ts:133:7 › 검색 기능 E2E 테스트 › 검색 입력 시 debouncing 작동 확인 ──────────────

    Error: [2mexpect([22m[31mlocator[39m[2m).[22mtoBeVisible[2m([22m[2m)[22m failed

    Locator: locator('[data-testid="search-input"]')
    Expected: visible
    Error: strict mode violation: locator('[data-testid="search-input"]') resolved to 2 elements:
        1) <input value="" type="text" placeholder="글 검색..." aria-label="블로그 글 검색" data-testid="search-input" class="flex w-full rounded-md border px-3 py-2 ring-offset-background file:border-0 file:bg-transparent file:text-sm file:font-medium placeholder:text-muted-foreground focus-visible:outline-none focus-visible:ring-2 focus-visible:ring-ring focus-visible:ring-offset-2 disabled:cursor-not-allowed disabled:opacity-50 pl-9 pr-9 h-10 text-sm bg-muted/50 border-muted hover:bg-muted focus:bg-background transit…/> aka getByRole('textbox', { name: '블로그 글 검색' })
        2) <input value="" type="text" placeholder="글 검색..." aria-label="블로그 글 검색" data-testid="search-input" class="flex w-full rounded-md border px-3 py-2 ring-offset-background file:border-0 file:bg-transparent file:text-sm file:font-medium placeholder:text-muted-foreground focus-visible:outline-none focus-visible:ring-2 focus-visible:ring-ring focus-visible:ring-offset-2 disabled:cursor-not-allowed disabled:opacity-50 pl-9 pr-9 h-10 text-sm bg-muted/50 border-muted hover:bg-muted focus:bg-background transit…/> aka getByTestId('search-input').nth(1)

    Call log:
    [2m  - Expect "toBeVisible" with timeout 10000ms[22m
    [2m  - waiting for locator('[data-testid="search-input"]')[22m
    [2m    2 × locator resolved to <input value="" type="text" placeholder="글 검색..." aria-label="블로그 글 검색" data-testid="search-input" class="flex w-full rounded-md border px-3 py-2 ring-offset-background file:border-0 file:bg-transparent file:text-sm file:font-medium placeholder:text-muted-foreground focus-visible:outline-none focus-visible:ring-2 focus-visible:ring-ring focus-visible:ring-offset-2 disabled:cursor-not-allowed disabled:opacity-50 pl-9 pr-9 h-10 text-sm bg-muted/50 border-muted hover:bg-muted focus:bg-background transit…/>[22m
    [2m      - unexpected value "hidden"[22m


      135 |
      136 |     const searchInput = page.locator('[data-testid="search-input"]');
    > 137 |     await expect(searchInput).toBeVisible({ timeout: 10000 });
          |                               ^
      138 |
      139 |     // 빠르게 여러 글자 입력
      140 |     await searchInput.type("T", { delay: 50 });
        at C:\Users\wornt\workspace\my-blog\e2e\search.spec.ts:137:31

    attachment #1: screenshot (image/png) ──────────────────────────────────────────────────────────
    test-results\search-검색-기능-E2E-테스트-검색-입력-시-debouncing-작동-확인-chromium\test-failed-1.png
    ────────────────────────────────────────────────────────────────────────────────────────────────

    Error Context: test-results\search-검색-기능-E2E-테스트-검색-입력-시-debouncing-작동-확인-chromium\error-context.md


[1A[2K[51/130] [chromium] › e2e\search.spec.ts:153:7 › 검색 기능 E2E 테스트 › 빈 검색어로 검색하면 홈의 포스트 목록으로 이동
[1A[2K  5) [chromium] › e2e\search.spec.ts:153:7 › 검색 기능 E2E 테스트 › 빈 검색어로 검색하면 홈의 포스트 목록으로 이동 ────────────

    Error: [2mexpect([22m[31mlocator[39m[2m).[22mtoBeVisible[2m([22m[2m)[22m failed

    Locator: locator('[data-testid="search-input"]')
    Expected: visible
    Error: strict mode violation: locator('[data-testid="search-input"]') resolved to 2 elements:
        1) <input value="" type="text" placeholder="글 검색..." aria-label="블로그 글 검색" data-testid="search-input" class="flex w-full rounded-md border px-3 py-2 ring-offset-background file:border-0 file:bg-transparent file:text-sm file:font-medium placeholder:text-muted-foreground focus-visible:outline-none focus-visible:ring-2 focus-visible:ring-ring focus-visible:ring-offset-2 disabled:cursor-not-allowed disabled:opacity-50 pl-9 pr-9 h-10 text-sm bg-muted/50 border-muted hover:bg-muted focus:bg-background transit…/> aka getByRole('textbox', { name: '블로그 글 검색' })
        2) <input value="" type="text" placeholder="글 검색..." aria-label="블로그 글 검색" data-testid="search-input" class="flex w-full rounded-md border px-3 py-2 ring-offset-background file:border-0 file:bg-transparent file:text-sm file:font-medium placeholder:text-muted-foreground focus-visible:outline-none focus-visible:ring-2 focus-visible:ring-ring focus-visible:ring-offset-2 disabled:cursor-not-allowed disabled:opacity-50 pl-9 pr-9 h-10 text-sm bg-muted/50 border-muted hover:bg-muted focus:bg-background transit…/> aka getByTestId('search-input').nth(1)

    Call log:
    [2m  - Expect "toBeVisible" with timeout 10000ms[22m
    [2m  - waiting for locator('[data-testid="search-input"]')[22m
    [2m    2 × locator resolved to <input value="" type="text" placeholder="글 검색..." aria-label="블로그 글 검색" data-testid="search-input" class="flex w-full rounded-md border px-3 py-2 ring-offset-background file:border-0 file:bg-transparent file:text-sm file:font-medium placeholder:text-muted-foreground focus-visible:outline-none focus-visible:ring-2 focus-visible:ring-ring focus-visible:ring-offset-2 disabled:cursor-not-allowed disabled:opacity-50 pl-9 pr-9 h-10 text-sm bg-muted/50 border-muted hover:bg-muted focus:bg-background transit…/>[22m
    [2m      - unexpected value "hidden"[22m


      155 |
      156 |     const searchInput = page.locator('[data-testid="search-input"]');
    > 157 |     await expect(searchInput).toBeVisible({ timeout: 10000 });
          |                               ^
      158 |
      159 |     // 빈 문자열로 입력
      160 |     await searchInput.fill("   ");
        at C:\Users\wornt\workspace\my-blog\e2e\search.spec.ts:157:31

    attachment #1: screenshot (image/png) ──────────────────────────────────────────────────────────
    test-results\search-검색-기능-E2E-테스트-빈-검색어로-검색하면-홈의-포스트-목록으로-이동-chromium\test-failed-1.png
    ────────────────────────────────────────────────────────────────────────────────────────────────

    Error Context: test-results\search-검색-기능-E2E-테스트-빈-검색어로-검색하면-홈의-포스트-목록으로-이동-chromium\error-context.md


[1A[2K[52/130] [chromium] › e2e\search.spec.ts:170:7 › 검색 기능 E2E 테스트 › 검색 페이지에서 검색어를 지우면 홈의 포스트 목록으로 이동
[1A[2K[53/130] [chromium] › e2e\search.spec.ts:191:7 › 검색 기능 E2E 테스트 › 초기화 버튼을 클릭하면 홈의 포스트 목록으로 이동
[1A[2K[54/130] [chromium] › e2e\tag-filtering.spec.ts:4:7 › 태그 필터링 기능 › 글 상세에서 태그 클릭 후 필터 페이지 이동
[1A[2K  6) [chromium] › e2e\lighthouse.spec.ts:4:7 › Lighthouse 성능 및 접근성 검증 › 홈 페이지 기본 메트릭스 확인 ───────────

    [31mTest timeout of 30000ms exceeded.[39m

    Error: page.waitForLoadState: Test timeout of 30000ms exceeded.

      4 |   test("홈 페이지 기본 메트릭스 확인", async ({ page }) => {
      5 |     await page.goto("/");
    > 6 |     await page.waitForLoadState("networkidle");
        |                ^
      7 |
      8 |     // 페이지 로드 시간 측정
      9 |     const navigationTiming = await page.evaluate(() => {
        at C:\Users\wornt\workspace\my-blog\e2e\lighthouse.spec.ts:6:16

    attachment #1: screenshot (image/png) ──────────────────────────────────────────────────────────
    test-results\lighthouse-Lighthouse-성능-및-접근성-검증-홈-페이지-기본-메트릭스-확인-chromium\test-failed-1.png
    ────────────────────────────────────────────────────────────────────────────────────────────────

    Error Context: test-results\lighthouse-Lighthouse-성능-및-접근성-검증-홈-페이지-기본-메트릭스-확인-chromium\error-context.md


[1A[2K[55/130] [chromium] › e2e\lighthouse.spec.ts:24:7 › Lighthouse 성능 및 접근성 검증 › Core Web Vitals 측정
[1A[2K  7) [chromium] › e2e\api-integration.spec.ts:15:7 › Notion API 통합 테스트 › Notion 데이터베이스 쿼리 동작 확인 ────

    [31mTest timeout of 30000ms exceeded.[39m

    Error: page.goto: Test timeout of 30000ms exceeded.
    Call log:
    [2m  - navigating to "http://localhost:3000/", waiting until "networkidle"[22m


      15 |   test("Notion 데이터베이스 쿼리 동작 확인", async ({ page }) => {
      16 |     // 홈페이지 로드 시 getAllPosts() 호출 확인
    > 17 |     await page.goto("/", { waitUntil: "networkidle" });
         |                ^
      18 |
      19 |     // 페이지 콘텐츠 로드됨
      20 |     const mainContent = page.locator("main");
        at C:\Users\wornt\workspace\my-blog\e2e\api-integration.spec.ts:17:16

    attachment #1: screenshot (image/png) ──────────────────────────────────────────────────────────
    test-results\api-integration-Notion-API-통합-테스트-Notion-데이터베이스-쿼리-동작-확인-chromium\test-failed-1.png
    ────────────────────────────────────────────────────────────────────────────────────────────────

    Error Context: test-results\api-integration-Notion-API-통합-테스트-Notion-데이터베이스-쿼리-동작-확인-chromium\error-context.md


[1A[2K[56/130] [chromium] › e2e\api-integration.spec.ts:28:7 › Notion API 통합 테스트 › ISR 캐싱 동작 확인
[1A[2K[57/130] [chromium] › e2e\api-integration.spec.ts:41:7 › Notion API 통합 테스트 › Rate Limit 관리 - 연속 요청 처리
[1A[2K[chromium] › e2e\lighthouse.spec.ts:24:7 › Lighthouse 성능 및 접근성 검증 › Core Web Vitals 측정
CLS: [33m0[39m

[1A[2K[58/130] [chromium] › e2e\lighthouse.spec.ts:52:7 › Lighthouse 성능 및 접근성 검증 › 이미지 최적화 확인
[1A[2K  8) [chromium] › e2e\notion-api.spec.ts:14:7 › Notion API 테스트 › getPostBySlug() - 특정 글 조회 ─────────

    [31mTest timeout of 30000ms exceeded.[39m

    Error: locator.click: Test timeout of 30000ms exceeded.
    Call log:
    [2m  - waiting for locator('[data-testid="post-link"]').first()[22m
    [2m    - locator resolved to <a data-testid="post-link" href="/posts/353da59e-7d34-80ba-a340-da3e87577aa4">…</a>[22m
    [2m  - attempting click action[22m
    [2m    2 × waiting for element to be visible, enabled and stable[22m
    [2m      - element is visible, enabled and stable[22m
    [2m      - scrolling into view if needed[22m
    [2m      - done scrolling[22m
    [2m      - <div class="relative z-10 flex w-full max-w-4xl flex-col items-start px-4 sm:px-6 md:px-16 lg:px-20 xl:px-24">…</div> from <div class="absolute inset-0 transition-opacity duration-500 opacity-100">…</div> subtree intercepts pointer events[22m
    [2m    - retrying click action[22m
    [2m    - waiting 20ms[22m
    [2m    2 × waiting for element to be visible, enabled and stable[22m
    [2m      - element is visible, enabled and stable[22m
    [2m      - scrolling into view if needed[22m
    [2m      - done scrolling[22m
    [2m      - <div class="relative z-10 flex w-full max-w-4xl flex-col items-start px-4 sm:px-6 md:px-16 lg:px-20 xl:px-24">…</div> from <div class="absolute inset-0 transition-opacity duration-500 opacity-100">…</div> subtree intercepts pointer events[22m
    [2m    - retrying click action[22m
    [2m      - waiting 100ms[22m
    [2m    55 × waiting for element to be visible, enabled and stable[22m
    [2m       - element is visible, enabled and stable[22m
    [2m       - scrolling into view if needed[22m
    [2m       - done scrolling[22m
    [2m       - <div class="relative z-10 flex w-full max-w-4xl flex-col items-start px-4 sm:px-6 md:px-16 lg:px-20 xl:px-24">…</div> from <div class="absolute inset-0 transition-opacity duration-500 opacity-100">…</div> subtree intercepts pointer events[22m
    [2m     - retrying click action[22m
    [2m       - waiting 500ms[22m


      18 |     // 첫 번째 글 링크 클릭
      19 |     const firstPostLink = page.locator('[data-testid="post-link"]').first();
    > 20 |     await firstPostLink.click();
         |                         ^
      21 |
      22 |     // 글 상세 페이지 확인
      23 |     const postTitle = page.locator('[data-testid="post-title"]');
        at C:\Users\wornt\workspace\my-blog\e2e\notion-api.spec.ts:20:25

    attachment #1: screenshot (image/png) ──────────────────────────────────────────────────────────
    test-results\notion-api-Notion-API-테스트-getPostBySlug---특정-글-조회-chromium\test-failed-1.png
    ────────────────────────────────────────────────────────────────────────────────────────────────

    Error Context: test-results\notion-api-Notion-API-테스트-getPostBySlug---특정-글-조회-chromium\error-context.md


[1A[2K[59/130] [chromium] › e2e\notion-api.spec.ts:31:7 › Notion API 테스트 › getPostBlocks() - 글의 블록 렌더링
[1A[2K  9) [chromium] › e2e\post-detail.spec.ts:28:7 › 글 상세 페이지 E2E 테스트 › 글 메타 정보 (카테고리, 태그, 날짜) 표시 ──────

    [31mTest timeout of 30000ms exceeded.[39m

    Error: locator.textContent: Test timeout of 30000ms exceeded.
    Call log:
    [2m  - waiting for locator('article > header')[22m


      44 |     // 날짜 정보 확인
      45 |     const articleHeader = page.locator("article > header");
    > 46 |     const headerText = await articleHeader.textContent();
         |                                            ^
      47 |     const hasDateInfo = headerText?.includes("발행") || headerText?.includes("수정");
      48 |     expect(hasDateInfo).toBe(true);
      49 |   });
        at C:\Users\wornt\workspace\my-blog\e2e\post-detail.spec.ts:46:44

    attachment #1: screenshot (image/png) ──────────────────────────────────────────────────────────
    test-results\post-detail-글-상세-페이지-E2E-테스트-글-메타-정보-카테고리-태그-날짜-표시-chromium\test-failed-1.png
    ────────────────────────────────────────────────────────────────────────────────────────────────

    Error Context: test-results\post-detail-글-상세-페이지-E2E-테스트-글-메타-정보-카테고리-태그-날짜-표시-chromium\error-context.md


[1A[2K[60/130] [chromium] › e2e\post-detail.spec.ts:51:7 › 글 상세 페이지 E2E 테스트 › Notion 블록 렌더링 검증
[1A[2K  10) [chromium] › e2e\tag-filtering.spec.ts:4:7 › 태그 필터링 기능 › 글 상세에서 태그 클릭 후 필터 페이지 이동 ────────────

    TimeoutError: locator.waitFor: Timeout 10000ms exceeded.
    Call log:
    [2m  - waiting for locator('[data-testid="tag-link"]').first() to be visible[22m


       8 |     // 태그 링크 대기
       9 |     const tagLink = page.locator('[data-testid="tag-link"]').first();
    > 10 |     await tagLink.waitFor({ timeout: 10000 });
         |                   ^
      11 |
      12 |     const tagSlug = await tagLink.getAttribute("data-tag");
      13 |     expect(tagSlug).toBeTruthy();
        at C:\Users\wornt\workspace\my-blog\e2e\tag-filtering.spec.ts:10:19

    attachment #1: screenshot (image/png) ──────────────────────────────────────────────────────────
    test-results\tag-filtering-태그-필터링-기능-글-상세에서-태그-클릭-후-필터-페이지-이동-chromium\test-failed-1.png
    ────────────────────────────────────────────────────────────────────────────────────────────────

    Error Context: test-results\tag-filtering-태그-필터링-기능-글-상세에서-태그-클릭-후-필터-페이지-이동-chromium\error-context.md


[1A[2K  11) [chromium] › e2e\responsive-design.spec.ts:50:11 › 반응형 디자인 - 다중 Viewport › 홈 페이지 › Tablet (768px - iPad)에서 정상 렌더링 

    [31mTest timeout of 30000ms exceeded.[39m

    Error: page.waitForLoadState: Test ended.

      55 |
      56 |         await page.goto("/");
    > 57 |         await page.waitForLoadState("networkidle");
         |                    ^
      58 |
      59 |         // 레이아웃이 깨지지 않았는지 확인
      60 |         const header = page.locator("header");
        at C:\Users\wornt\workspace\my-blog\e2e\responsive-design.spec.ts:57:20

    attachment #1: screenshot (image/png) ──────────────────────────────────────────────────────────
    test-results\responsive-design-반응형-디자인--ad583-blet-768px---iPad-에서-정상-렌더링-chromium\test-failed-1.png
    ────────────────────────────────────────────────────────────────────────────────────────────────

    Error Context: test-results\responsive-design-반응형-디자인--ad583-blet-768px---iPad-에서-정상-렌더링-chromium\error-context.md


[1A[2K[61/130] [chromium] › e2e\tag-filtering.spec.ts:23:7 › 태그 필터링 기능 › 태그 필터 페이지에서 제목 표시
[1A[2K[62/130] [chromium] › e2e\responsive-design.spec.ts:50:11 › 반응형 디자인 - 다중 Viewport › 홈 페이지 › Tablet (820px - iPad Air)에서 정상 렌더링
[1A[2K  12) [chromium] › e2e\post-detail.spec.ts:51:7 › 글 상세 페이지 E2E 테스트 › Notion 블록 렌더링 검증 ──────────────

    Error: [2mexpect([22m[31mlocator[39m[2m).[22mtoBeVisible[2m([22m[2m)[22m failed

    Locator: locator('[data-testid="post-content"]')
    Expected: visible
    Timeout: 10000ms
    Error: element(s) not found

    Call log:
    [2m  - Expect "toBeVisible" with timeout 10000ms[22m
    [2m  - waiting for locator('[data-testid="post-content"]')[22m


      55 |     // 포스트 콘텐츠 확인
      56 |     const postContent = page.locator('[data-testid="post-content"]');
    > 57 |     await expect(postContent).toBeVisible({ timeout: 10000 });
         |                               ^
      58 |
      59 |     // 최소 하나 이상의 블록이 렌더링되었는지 확인
      60 |     const notionBlocks = page.locator('[data-testid="notion-block"]');
        at C:\Users\wornt\workspace\my-blog\e2e\post-detail.spec.ts:57:31

    attachment #1: screenshot (image/png) ──────────────────────────────────────────────────────────
    test-results\post-detail-글-상세-페이지-E2E-테스트-Notion-블록-렌더링-검증-chromium\test-failed-1.png
    ────────────────────────────────────────────────────────────────────────────────────────────────

    Error Context: test-results\post-detail-글-상세-페이지-E2E-테스트-Notion-블록-렌더링-검증-chromium\error-context.md


[1A[2K[63/130] [chromium] › e2e\post-detail.spec.ts:65:7 › 글 상세 페이지 E2E 테스트 › Paragraph 블록 렌더링
[1A[2K[64/130] [chromium] › e2e\post-detail.spec.ts:78:7 › 글 상세 페이지 E2E 테스트 › Heading 블록 렌더링
[1A[2K  13) [chromium] › e2e\tag-filtering.spec.ts:23:7 › 태그 필터링 기능 › 태그 필터 페이지에서 제목 표시 ──────────────────

    TimeoutError: locator.waitFor: Timeout 10000ms exceeded.
    Call log:
    [2m  - waiting for locator('[data-testid="tag-link"]').first() to be visible[22m


      27 |     // 태그 링크 대기
      28 |     const tagLink = page.locator('[data-testid="tag-link"]').first();
    > 29 |     await tagLink.waitFor({ timeout: 10000 });
         |                   ^
      30 |
      31 |     const tagSlug = await tagLink.getAttribute("data-tag");
      32 |
        at C:\Users\wornt\workspace\my-blog\e2e\tag-filtering.spec.ts:29:19

    attachment #1: screenshot (image/png) ──────────────────────────────────────────────────────────
    test-results\tag-filtering-태그-필터링-기능-태그-필터-페이지에서-제목-표시-chromium\test-failed-1.png
    ────────────────────────────────────────────────────────────────────────────────────────────────

    Error Context: test-results\tag-filtering-태그-필터링-기능-태그-필터-페이지에서-제목-표시-chromium\error-context.md


[1A[2K[65/130] [chromium] › e2e\post-detail.spec.ts:91:7 › 글 상세 페이지 E2E 테스트 › Code 블록 렌더링 (있는 경우)
[1A[2K[66/130] [chromium] › e2e\post-detail.spec.ts:104:7 › 글 상세 페이지 E2E 테스트 › Image 블록 렌더링 (있는 경우)
[1A[2K[67/130] [chromium] › e2e\tag-filtering.spec.ts:44:7 › 태그 필터링 기능 › 태그 필터 페이지에서 글 목록 표시
[1A[2K[68/130] [chromium] › e2e\post-detail.spec.ts:129:7 › 글 상세 페이지 E2E 테스트 › List 블록 렌더링 (있는 경우)
[1A[2K[69/130] [chromium] › e2e\post-detail.spec.ts:142:7 › 글 상세 페이지 E2E 테스트 › Quote 블록 렌더링 (있는 경우)
[1A[2K[70/130] [chromium] › e2e\post-detail.spec.ts:155:7 › 글 상세 페이지 E2E 테스트 › 이전/다음 네비게이션 표시
[1A[2K[71/130] [chromium] › e2e\post-detail.spec.ts:186:7 › 글 상세 페이지 E2E 테스트 › 이전 글 링크 클릭 및 네비게이션
[1A[2K[72/130] [chromium] › e2e\post-detail.spec.ts:207:7 › 글 상세 페이지 E2E 테스트 › 다음 글 링크 클릭 및 네비게이션
[1A[2K[73/130] [chromium] › e2e\post-detail.spec.ts:228:7 › 글 상세 페이지 E2E 테스트 › RichText 포맷팅 렌더링 (Bold, Italic, Code)
[1A[2K[74/130] [chromium] › e2e\post-detail.spec.ts:251:7 › 글 상세 페이지 E2E 테스트 › 링크 렌더링 (하이퍼링크)
[1A[2K[75/130] [chromium] › e2e\post-detail.spec.ts:271:7 › 글 상세 페이지 E2E 테스트 › 태그 클릭 및 태그 필터링 페이지 이동
[1A[2K[76/130] [chromium] › e2e\post-detail.spec.ts:301:7 › 글 상세 페이지 E2E 테스트 › 태그 필터링 페이지에서 글 목록 표시
[1A[2K  14) [chromium] › e2e\post-detail.spec.ts:301:7 › 글 상세 페이지 E2E 테스트 › 태그 필터링 페이지에서 글 목록 표시 ─────────

    ReferenceError: tagSlug is not defined

      310 |       // 태그 링크 클릭
      311 |       await tagLinks.first().click();
    > 312 |       await page.waitForURL(`**/tags/${tagSlug}**`, { timeout: 10000 });
          |                                        ^
      313 |
      314 |       // 태그 페이지에서 글 목록 확인
      315 |       const postCards = page.locator('[data-testid="post-card"]');
        at C:\Users\wornt\workspace\my-blog\e2e\post-detail.spec.ts:312:40

    attachment #1: screenshot (image/png) ──────────────────────────────────────────────────────────
    test-results\post-detail-글-상세-페이지-E2E-테스트-태그-필터링-페이지에서-글-목록-표시-chromium\test-failed-1.png
    ────────────────────────────────────────────────────────────────────────────────────────────────

    Error Context: test-results\post-detail-글-상세-페이지-E2E-테스트-태그-필터링-페이지에서-글-목록-표시-chromium\error-context.md


[1A[2K[77/130] [chromium] › e2e\post-detail.spec.ts:330:7 › 글 상세 페이지 E2E 테스트 › 여러 태그 클릭 테스트
[1A[2K[78/130] [chromium] › e2e\post-detail.spec.ts:357:7 › 글 상세 페이지 E2E 테스트 › 목차 (TOC) 표시 - heading이 있는 경우
[1A[2K[79/130] [chromium] › e2e\post-detail.spec.ts:384:7 › 글 상세 페이지 E2E 테스트 › 목차 (TOC) 링크 클릭 및 스크롤
[1A[2K[80/130] [chromium] › e2e\post-detail.spec.ts:428:7 › 글 상세 페이지 E2E 테스트 › 목차 (TOC) 스크롤 추적
[1A[2K  15) [chromium] › e2e\api-integration.spec.ts:41:7 › Notion API 통합 테스트 › Rate Limit 관리 - 연속 요청 처리 ─

    [31mTest timeout of 30000ms exceeded.[39m

    Error: page.waitForLoadState: Test timeout of 30000ms exceeded.

      46 |     expect(response1?.ok()).toBe(true);
      47 |
    > 48 |     await page.waitForLoadState("networkidle");
         |                ^
      49 |
      50 |     const response2 = await page.goto("/");
      51 |     expect(response2?.ok()).toBe(true);
        at C:\Users\wornt\workspace\my-blog\e2e\api-integration.spec.ts:48:16

    attachment #1: screenshot (image/png) ──────────────────────────────────────────────────────────
    test-results\api-integration-Notion-API-통합-테스트-Rate-Limit-관리---연속-요청-처리-chromium\test-failed-1.png
    ────────────────────────────────────────────────────────────────────────────────────────────────

    Error Context: test-results\api-integration-Notion-API-통합-테스트-Rate-Limit-관리---연속-요청-처리-chromium\error-context.md


[1A[2K  16) [chromium] › e2e\tag-filtering.spec.ts:44:7 › 태그 필터링 기능 › 태그 필터 페이지에서 글 목록 표시 ────────────────

    TimeoutError: locator.waitFor: Timeout 10000ms exceeded.
    Call log:
    [2m  - waiting for locator('[data-testid="tag-link"]').first() to be visible[22m


      48 |     // 태그 링크 대기
      49 |     const tagLink = page.locator('[data-testid="tag-link"]').first();
    > 50 |     await tagLink.waitFor({ timeout: 10000 });
         |                   ^
      51 |
      52 |     const tagSlug = await tagLink.getAttribute("data-tag");
      53 |
        at C:\Users\wornt\workspace\my-blog\e2e\tag-filtering.spec.ts:50:19

    attachment #1: screenshot (image/png) ──────────────────────────────────────────────────────────
    test-results\tag-filtering-태그-필터링-기능-태그-필터-페이지에서-글-목록-표시-chromium\test-failed-1.png
    ────────────────────────────────────────────────────────────────────────────────────────────────

    Error Context: test-results\tag-filtering-태그-필터링-기능-태그-필터-페이지에서-글-목록-표시-chromium\error-context.md


[1A[2K[81/130] [chromium] › e2e\tag-filtering.spec.ts:64:7 › 태그 필터링 기능 › 정적 생성 확인 - 태그 페이지 직접 접근
[1A[2K[82/130] [chromium] › e2e\api-integration.spec.ts:59:7 › Notion API 통합 테스트 › 에러 처리 - 잘못된 페이지
[1A[2K  17) [chromium] › e2e\lighthouse.spec.ts:52:7 › Lighthouse 성능 및 접근성 검증 › 이미지 최적화 확인 ───────────────

    [31mTest timeout of 30000ms exceeded.[39m

    Error: page.waitForLoadState: Test timeout of 30000ms exceeded.

      52 |   test("이미지 최적화 확인", async ({ page }) => {
      53 |     await page.goto("/");
    > 54 |     await page.waitForLoadState("networkidle");
         |                ^
      55 |
      56 |     // 모든 img 태그 확인
      57 |     const images = page.locator("img");
        at C:\Users\wornt\workspace\my-blog\e2e\lighthouse.spec.ts:54:16

    attachment #1: screenshot (image/png) ──────────────────────────────────────────────────────────
    test-results\lighthouse-Lighthouse-성능-및-접근성-검증-이미지-최적화-확인-chromium\test-failed-1.png
    ────────────────────────────────────────────────────────────────────────────────────────────────

    Error Context: test-results\lighthouse-Lighthouse-성능-및-접근성-검증-이미지-최적화-확인-chromium\error-context.md


[1A[2K[83/130] [chromium] › e2e\api-integration.spec.ts:68:7 › Notion API 통합 테스트 › 환경변수 로드 확인
[1A[2K[84/130] [chromium] › e2e\lighthouse.spec.ts:73:7 › Lighthouse 성능 및 접근성 검증 › JavaScript 번들 크기 확인
[1A[2K  18) [chromium] › e2e\notion-api.spec.ts:31:7 › Notion API 테스트 › getPostBlocks() - 글의 블록 렌더링 ──────

    [31mTest timeout of 30000ms exceeded.[39m

    Error: locator.click: Test timeout of 30000ms exceeded.
    Call log:
    [2m  - waiting for locator('[data-testid="post-link"]').first()[22m
    [2m    - locator resolved to <a data-testid="post-link" href="/posts/353da59e-7d34-80ba-a340-da3e87577aa4">…</a>[22m
    [2m  - attempting click action[22m
    [2m    2 × waiting for element to be visible, enabled and stable[22m
    [2m      - element is visible, enabled and stable[22m
    [2m      - scrolling into view if needed[22m
    [2m      - done scrolling[22m
    [2m      - <div class="relative z-10 flex w-full max-w-4xl flex-col items-start px-4 sm:px-6 md:px-16 lg:px-20 xl:px-24">…</div> from <div class="absolute inset-0 transition-opacity duration-500 opacity-100">…</div> subtree intercepts pointer events[22m
    [2m    - retrying click action[22m
    [2m    - waiting 20ms[22m
    [2m    2 × waiting for element to be visible, enabled and stable[22m
    [2m      - element is visible, enabled and stable[22m
    [2m      - scrolling into view if needed[22m
    [2m      - done scrolling[22m
    [2m      - <div class="relative z-10 flex w-full max-w-4xl flex-col items-start px-4 sm:px-6 md:px-16 lg:px-20 xl:px-24">…</div> from <div class="absolute inset-0 transition-opacity duration-500 opacity-100">…</div> subtree intercepts pointer events[22m
    [2m    - retrying click action[22m
    [2m      - waiting 100ms[22m
    [2m    54 × waiting for element to be visible, enabled and stable[22m
    [2m       - element is visible, enabled and stable[22m
    [2m       - scrolling into view if needed[22m
    [2m       - done scrolling[22m
    [2m       - <div class="relative z-10 flex w-full max-w-4xl flex-col items-start px-4 sm:px-6 md:px-16 lg:px-20 xl:px-24">…</div> from <div class="absolute inset-0 transition-opacity duration-500 opacity-100">…</div> subtree intercepts pointer events[22m
    [2m     - retrying click action[22m
    [2m       - waiting 500ms[22m


      33 |     await page.goto("/");
      34 |     const firstPostLink = page.locator('[data-testid="post-link"]').first();
    > 35 |     await firstPostLink.click();
         |                         ^
      36 |
      37 |     // 콘텐츠 영역이 렌더링되었는지 확인
      38 |     const content = page.locator('[data-testid="post-content"]');
        at C:\Users\wornt\workspace\my-blog\e2e\notion-api.spec.ts:35:25

    attachment #1: screenshot (image/png) ──────────────────────────────────────────────────────────
    test-results\notion-api-Notion-API-테스트-getPostBlocks---글의-블록-렌더링-chromium\test-failed-1.png
    ────────────────────────────────────────────────────────────────────────────────────────────────

    Error Context: test-results\notion-api-Notion-API-테스트-getPostBlocks---글의-블록-렌더링-chromium\error-context.md


[1A[2K[85/130] [chromium] › e2e\notion-api.spec.ts:47:7 › Notion API 테스트 › 카테고리 필터링
[1A[2K  19) [chromium] › e2e\responsive-design.spec.ts:50:11 › 반응형 디자인 - 다중 Viewport › 홈 페이지 › Tablet (820px - iPad Air)에서 정상 렌더링 

    [31mTest timeout of 30000ms exceeded.[39m

    Error: page.waitForLoadState: Test ended.

      55 |
      56 |         await page.goto("/");
    > 57 |         await page.waitForLoadState("networkidle");
         |                    ^
      58 |
      59 |         // 레이아웃이 깨지지 않았는지 확인
      60 |         const header = page.locator("header");
        at C:\Users\wornt\workspace\my-blog\e2e\responsive-design.spec.ts:57:20

    attachment #1: screenshot (image/png) ──────────────────────────────────────────────────────────
    test-results\responsive-design-반응형-디자인--69d04--820px---iPad-Air-에서-정상-렌더링-chromium\test-failed-1.png
    ────────────────────────────────────────────────────────────────────────────────────────────────

    Error Context: test-results\responsive-design-반응형-디자인--69d04--820px---iPad-Air-에서-정상-렌더링-chromium\error-context.md


[1A[2K[86/130] [chromium] › e2e\responsive-design.spec.ts:50:11 › 반응형 디자인 - 다중 Viewport › 홈 페이지 › Desktop (1024px)에서 정상 렌더링
[1A[2K[87/130] [chromium] › e2e\responsive-design.spec.ts:50:11 › 반응형 디자인 - 다중 Viewport › 홈 페이지 › Desktop (1280px)에서 정상 렌더링
[1A[2K  20) [chromium] › e2e\tag-filtering.spec.ts:64:7 › 태그 필터링 기능 › 정적 생성 확인 - 태그 페이지 직접 접근 ────────────

    TimeoutError: locator.waitFor: Timeout 10000ms exceeded.
    Call log:
    [2m  - waiting for locator('[data-testid="tag-link"]').first() to be visible[22m


      67 |
      68 |     const tagLink = page.locator('[data-testid="tag-link"]').first();
    > 69 |     await tagLink.waitFor({ timeout: 10000 });
         |                   ^
      70 |     const tagSlug = await tagLink.getAttribute("data-tag");
      71 |
      72 |     // 태그 페이지에 직접 접근
        at C:\Users\wornt\workspace\my-blog\e2e\tag-filtering.spec.ts:69:19

    attachment #1: screenshot (image/png) ──────────────────────────────────────────────────────────
    test-results\tag-filtering-태그-필터링-기능-정적-생성-확인---태그-페이지-직접-접근-chromium\test-failed-1.png
    ────────────────────────────────────────────────────────────────────────────────────────────────

    Error Context: test-results\tag-filtering-태그-필터링-기능-정적-생성-확인---태그-페이지-직접-접근-chromium\error-context.md


[1A[2K  21) [chromium] › e2e\lighthouse.spec.ts:73:7 › Lighthouse 성능 및 접근성 검증 › JavaScript 번들 크기 확인 ──────

    [31mTest timeout of 30000ms exceeded.[39m

    Error: page.waitForLoadState: Test timeout of 30000ms exceeded.

      84 |
      85 |     await page.goto("/");
    > 86 |     await page.waitForLoadState("networkidle");
         |                ^
      87 |
      88 |     // 총 JS 크기 측정
      89 |     const totalJsSize = resources.reduce((sum, r) => sum + r.size, 0);
        at C:\Users\wornt\workspace\my-blog\e2e\lighthouse.spec.ts:86:16

    attachment #1: screenshot (image/png) ──────────────────────────────────────────────────────────
    test-results\lighthouse-Lighthouse-성능-및-접근성-검증-JavaScript-번들-크기-확인-chromium\test-failed-1.png
    ────────────────────────────────────────────────────────────────────────────────────────────────

    Error Context: test-results\lighthouse-Lighthouse-성능-및-접근성-검증-JavaScript-번들-크기-확인-chromium\error-context.md


[1A[2K  22) [chromium] › e2e\notion-api.spec.ts:47:7 › Notion API 테스트 › 카테고리 필터링 ─────────────────────────

    [31mTest timeout of 30000ms exceeded.[39m

    Error: locator.getAttribute: Test timeout of 30000ms exceeded.
    Call log:
    [2m  - waiting for locator('[data-testid="category-link"]').first()[22m


      51 |     // 첫 번째 글의 카테고리 클릭 (카테고리 필터 페이지로 이동)
      52 |     const categoryTag = page.locator('[data-testid="category-link"]').first();
    > 53 |     const categoryName = await categoryTag.getAttribute("data-category");
         |                                            ^
      54 |
      55 |     if (categoryName) {
      56 |       await categoryTag.click();
        at C:\Users\wornt\workspace\my-blog\e2e\notion-api.spec.ts:53:44

    attachment #1: screenshot (image/png) ──────────────────────────────────────────────────────────
    test-results\notion-api-Notion-API-테스트-카테고리-필터링-chromium\test-failed-1.png
    ────────────────────────────────────────────────────────────────────────────────────────────────

    Error Context: test-results\notion-api-Notion-API-테스트-카테고리-필터링-chromium\error-context.md


[1A[2K[88/130] [chromium] › e2e\lighthouse.spec.ts:96:7 › Lighthouse 성능 및 접근성 검증 › 메타 태그 및 SEO 검증
[1A[2K[89/130] [chromium] › e2e\notion-api.spec.ts:68:7 › Notion API 테스트 › 태그 필터링
[1A[2K  23) [chromium] › e2e\lighthouse.spec.ts:96:7 › Lighthouse 성능 및 접근성 검증 › 메타 태그 및 SEO 검증 ───────────

    Error: [2mexpect([22m[31mreceived[39m[2m).[22mtoBe[2m([22m[32mexpected[39m[2m) // Object.is equality[22m

    Expected: [32mtrue[39m
    Received: [31m1[39m

      115 |     const ogTitle = page.locator("meta[property='og:title']");
      116 |     const ogExists = await ogTitle.count();
    > 117 |     expect(ogExists || !ogExists).toBe(true);
          |                                   ^
      118 |   });
      119 |
      120 |   test("접근성 - 색상 대비 확인", async ({ page }) => {
        at C:\Users\wornt\workspace\my-blog\e2e\lighthouse.spec.ts:117:35

    attachment #1: screenshot (image/png) ──────────────────────────────────────────────────────────
    test-results\lighthouse-Lighthouse-성능-및-접근성-검증-메타-태그-및-SEO-검증-chromium\test-failed-1.png
    ────────────────────────────────────────────────────────────────────────────────────────────────

    Error Context: test-results\lighthouse-Lighthouse-성능-및-접근성-검증-메타-태그-및-SEO-검증-chromium\error-context.md


[1A[2K[90/130] [chromium] › e2e\lighthouse.spec.ts:120:7 › Lighthouse 성능 및 접근성 검증 › 접근성 - 색상 대비 확인
[1A[2K[91/130] [chromium] › e2e\lighthouse.spec.ts:139:7 › Lighthouse 성능 및 접근성 검증 › 접근성 - ARIA 속성 확인
[1A[2K  24) [chromium] › e2e\lighthouse.spec.ts:139:7 › Lighthouse 성능 및 접근성 검증 › 접근성 - ARIA 속성 확인 ────────

    Error: [2mexpect([22m[31mreceived[39m[2m).[22mtoBeGreaterThan[2m([22m[32mexpected[39m[2m)[22m

    Expected: > [32m0[39m
    Received:   [31m0[39m

      150 |     const navElements = page.locator("nav");
      151 |     const navCount = await navElements.count();
    > 152 |     expect(navCount).toBeGreaterThan(0);
          |                      ^
      153 |   });
      154 |
      155 |   test("글 상세 페이지 성능", async ({ page }) => {
        at C:\Users\wornt\workspace\my-blog\e2e\lighthouse.spec.ts:152:22

    attachment #1: screenshot (image/png) ──────────────────────────────────────────────────────────
    test-results\lighthouse-Lighthouse-성능-및-접근성-검증-접근성---ARIA-속성-확인-chromium\test-failed-1.png
    ────────────────────────────────────────────────────────────────────────────────────────────────

    Error Context: test-results\lighthouse-Lighthouse-성능-및-접근성-검증-접근성---ARIA-속성-확인-chromium\error-context.md


[1A[2K[92/130] [chromium] › e2e\lighthouse.spec.ts:155:7 › Lighthouse 성능 및 접근성 검증 › 글 상세 페이지 성능
[1A[2K  25) [chromium] › e2e\responsive-design.spec.ts:50:11 › 반응형 디자인 - 다중 Viewport › 홈 페이지 › Desktop (1280px)에서 정상 렌더링 

    [31mTest timeout of 30000ms exceeded.[39m

    Error: page.waitForLoadState: Test ended.

      55 |
      56 |         await page.goto("/");
    > 57 |         await page.waitForLoadState("networkidle");
         |                    ^
      58 |
      59 |         // 레이아웃이 깨지지 않았는지 확인
      60 |         const header = page.locator("header");
        at C:\Users\wornt\workspace\my-blog\e2e\responsive-design.spec.ts:57:20

    attachment #1: screenshot (image/png) ──────────────────────────────────────────────────────────
    test-results\responsive-design-반응형-디자인--30e09-이지-Desktop-1280px-에서-정상-렌더링-chromium\test-failed-1.png
    ────────────────────────────────────────────────────────────────────────────────────────────────

    Error Context: test-results\responsive-design-반응형-디자인--30e09-이지-Desktop-1280px-에서-정상-렌더링-chromium\error-context.md


[1A[2K[chromium] › e2e\lighthouse.spec.ts:155:7 › Lighthouse 성능 및 접근성 검증 › 글 상세 페이지 성능
Post Detail Page Load Time: [33m58.90000009536743[39m

[1A[2K[93/130] [chromium] › e2e\lighthouse.spec.ts:184:7 › Lighthouse 성능 및 접근성 검증 › 모바일 성능 - 터치 반응성
[1A[2K[94/130] [chromium] › e2e\responsive-design.spec.ts:50:11 › 반응형 디자인 - 다중 Viewport › 홈 페이지 › Desktop (1920px)에서 정상 렌더링
[1A[2K[chromium] › e2e\lighthouse.spec.ts:184:7 › Lighthouse 성능 및 접근성 검증 › 모바일 성능 - 터치 반응성
Input Response Time: [33m31[39m ms

[1A[2K[95/130] [chromium] › e2e\lighthouse.spec.ts:205:7 › Lighthouse 성능 및 접근성 검증 › 캐싱 및 리소스 재사용
[1A[2K[96/130] [chromium] › e2e\responsive-design.spec.ts:81:11 › 반응형 디자인 - 다중 Viewport › 글 목록 페이지 (포스트 목록) › Mobile (360px)에서 그리드 레이아웃 확인
[1A[2K[97/130] [chromium] › e2e\responsive-design.spec.ts:81:11 › 반응형 디자인 - 다중 Viewport › 글 목록 페이지 (포스트 목록) › Mobile (375px - iPhone SE)에서 그리드 레이아웃 확인
[1A[2K[98/130] [chromium] › e2e\responsive-design.spec.ts:81:11 › 반응형 디자인 - 다중 Viewport › 글 목록 페이지 (포스트 목록) › Mobile (414px - iPhone 12)에서 그리드 레이아웃 확인
[1A[2K[99/130] [chromium] › e2e\responsive-design.spec.ts:81:11 › 반응형 디자인 - 다중 Viewport › 글 목록 페이지 (포스트 목록) › Tablet (768px - iPad)에서 그리드 레이아웃 확인
[1A[2K  26) [chromium] › e2e\notion-api.spec.ts:68:7 › Notion API 테스트 › 태그 필터링 ───────────────────────────

    [31mTest timeout of 30000ms exceeded.[39m

    Error: locator.click: Test timeout of 30000ms exceeded.
    Call log:
    [2m  - waiting for locator('[data-testid="post-link"]').first()[22m
    [2m    - locator resolved to <a data-testid="post-link" href="/posts/353da59e-7d34-80ba-a340-da3e87577aa4">…</a>[22m
    [2m  - attempting click action[22m
    [2m    2 × waiting for element to be visible, enabled and stable[22m
    [2m      - element is visible, enabled and stable[22m
    [2m      - scrolling into view if needed[22m
    [2m      - done scrolling[22m
    [2m      - <div class="relative z-10 flex w-full max-w-4xl flex-col items-start px-4 sm:px-6 md:px-16 lg:px-20 xl:px-24">…</div> from <div class="absolute inset-0 transition-opacity duration-500 opacity-100">…</div> subtree intercepts pointer events[22m
    [2m    - retrying click action[22m
    [2m    - waiting 20ms[22m
    [2m    2 × waiting for element to be visible, enabled and stable[22m
    [2m      - element is visible, enabled and stable[22m
    [2m      - scrolling into view if needed[22m
    [2m      - done scrolling[22m
    [2m      - <div class="relative z-10 flex w-full max-w-4xl flex-col items-start px-4 sm:px-6 md:px-16 lg:px-20 xl:px-24">…</div> from <div class="absolute inset-0 transition-opacity duration-500 opacity-100">…</div> subtree intercepts pointer events[22m
    [2m    - retrying click action[22m
    [2m      - waiting 100ms[22m
    [2m    54 × waiting for element to be visible, enabled and stable[22m
    [2m       - element is visible, enabled and stable[22m
    [2m       - scrolling into view if needed[22m
    [2m       - done scrolling[22m
    [2m       - <div class="relative z-10 flex w-full max-w-4xl flex-col items-start px-4 sm:px-6 md:px-16 lg:px-20 xl:px-24">…</div> from <div class="absolute inset-0 transition-opacity duration-500 opacity-100">…</div> subtree intercepts pointer events[22m
    [2m     - retrying click action[22m
    [2m       - waiting 500ms[22m


      70 |     await page.goto("/");
      71 |     const firstPostLink = page.locator('[data-testid="post-link"]').first();
    > 72 |     await firstPostLink.click();
         |                         ^
      73 |
      74 |     // 첫 번째 태그 클릭
      75 |     const tagLink = page.locator('[data-testid="tag-link"]').first();
        at C:\Users\wornt\workspace\my-blog\e2e\notion-api.spec.ts:72:25

    attachment #1: screenshot (image/png) ──────────────────────────────────────────────────────────
    test-results\notion-api-Notion-API-테스트-태그-필터링-chromium\test-failed-1.png
    ────────────────────────────────────────────────────────────────────────────────────────────────

    Error Context: test-results\notion-api-Notion-API-테스트-태그-필터링-chromium\error-context.md


[1A[2K[100/130] [chromium] › e2e\notion-api.spec.ts:91:7 › Notion API 테스트 › Rate Limit 관리 - 연속 요청 처리
[1A[2K  27) [chromium] › e2e\lighthouse.spec.ts:205:7 › Lighthouse 성능 및 접근성 검증 › 캐싱 및 리소스 재사용 ────────────

    [31mTest timeout of 30000ms exceeded.[39m

    Error: page.waitForLoadState: Test timeout of 30000ms exceeded.

      206 |     // 첫 번째 방문
      207 |     await page.goto("/");
    > 208 |     await page.waitForLoadState("networkidle");
          |                ^
      209 |
      210 |     // 두 번째 방문 (캐시됨)
      211 |     const startTime = Date.now();
        at C:\Users\wornt\workspace\my-blog\e2e\lighthouse.spec.ts:208:16

    attachment #1: screenshot (image/png) ──────────────────────────────────────────────────────────
    test-results\lighthouse-Lighthouse-성능-및-접근성-검증-캐싱-및-리소스-재사용-chromium\test-failed-1.png
    ────────────────────────────────────────────────────────────────────────────────────────────────

    Error Context: test-results\lighthouse-Lighthouse-성능-및-접근성-검증-캐싱-및-리소스-재사용-chromium\error-context.md


[1A[2K[101/130] [chromium] › e2e\lighthouse.spec.ts:223:7 › Lighthouse 성능 및 접근성 검증 › 404 페이지 성능
[1A[2K  28) [chromium] › e2e\responsive-design.spec.ts:81:11 › 반응형 디자인 - 다중 Viewport › 글 목록 페이지 (포스트 목록) › Tablet (768px - iPad)에서 그리드 레이아웃 확인 

    [31mTest timeout of 30000ms exceeded.[39m

    Error: page.waitForLoadState: Test ended.

      87 |         // 홈 페이지로 이동 후 포스트 목록 슬라이드로 전환
      88 |         await page.goto("/?slide=1");
    > 89 |         await page.waitForLoadState("networkidle");
         |                    ^
      90 |
      91 |         // PostCard들이 올바른 컬럼 수로 배치되는지 확인
      92 |         const cards = page.locator('[data-testid="post-card"]');
        at C:\Users\wornt\workspace\my-blog\e2e\responsive-design.spec.ts:89:20

    attachment #1: screenshot (image/png) ──────────────────────────────────────────────────────────
    test-results\responsive-design-반응형-디자인--29531-768px---iPad-에서-그리드-레이아웃-확인-chromium\test-failed-1.png
    ────────────────────────────────────────────────────────────────────────────────────────────────

    Error Context: test-results\responsive-design-반응형-디자인--29531-768px---iPad-에서-그리드-레이아웃-확인-chromium\error-context.md


[1A[2K[102/130] [chromium] › e2e\responsive-design.spec.ts:81:11 › 반응형 디자인 - 다중 Viewport › 글 목록 페이지 (포스트 목록) › Tablet (820px - iPad Air)에서 그리드 레이아웃 확인
[1A[2K  29) [chromium] › e2e\responsive-design.spec.ts:81:11 › 반응형 디자인 - 다중 Viewport › 글 목록 페이지 (포스트 목록) › Tablet (820px - iPad Air)에서 그리드 레이아웃 확인 

    Error: [2mexpect([22m[31mreceived[39m[2m).[22mtoBeCloseTo[2m([22m[32mexpected[39m[2m, [22mprecision[2m)[22m

    Expected: [32m788[39m
    Received: [31m756[39m

    Expected precision:    100
    Expected difference: < [32m5e-101[39m
    Received difference:   [31m32[39m

      104 |         if (await gridContainer.isVisible()) {
      105 |           const gridBoundingBox = await gridContainer.boundingBox();
    > 106 |           expect(gridBoundingBox!.width).toBeCloseTo(viewport.width - 32, 100); // px-4 padding 고려
          |                                          ^
      107 |         }
      108 |
      109 |         await context.close();
        at C:\Users\wornt\workspace\my-blog\e2e\responsive-design.spec.ts:106:42

    attachment #1: screenshot (image/png) ──────────────────────────────────────────────────────────
    test-results\responsive-design-반응형-디자인--d0a6e-x---iPad-Air-에서-그리드-레이아웃-확인-chromium\test-failed-1.png
    ────────────────────────────────────────────────────────────────────────────────────────────────

    Error Context: test-results\responsive-design-반응형-디자인--d0a6e-x---iPad-Air-에서-그리드-레이아웃-확인-chromium\error-context.md


[1A[2K[103/130] [chromium] › e2e\responsive-design.spec.ts:81:11 › 반응형 디자인 - 다중 Viewport › 글 목록 페이지 (포스트 목록) › Desktop (1024px)에서 그리드 레이아웃 확인
[1A[2K  30) [chromium] › e2e\responsive-design.spec.ts:81:11 › 반응형 디자인 - 다중 Viewport › 글 목록 페이지 (포스트 목록) › Desktop (1024px)에서 그리드 레이아웃 확인 

    Error: [2mexpect([22m[31mreceived[39m[2m).[22mtoBeCloseTo[2m([22m[32mexpected[39m[2m, [22mprecision[2m)[22m

    Expected: [32m992[39m
    Received: [31m960[39m

    Expected precision:    100
    Expected difference: < [32m5e-101[39m
    Received difference:   [31m32[39m

      104 |         if (await gridContainer.isVisible()) {
      105 |           const gridBoundingBox = await gridContainer.boundingBox();
    > 106 |           expect(gridBoundingBox!.width).toBeCloseTo(viewport.width - 32, 100); // px-4 padding 고려
          |                                          ^
      107 |         }
      108 |
      109 |         await context.close();
        at C:\Users\wornt\workspace\my-blog\e2e\responsive-design.spec.ts:106:42

    attachment #1: screenshot (image/png) ──────────────────────────────────────────────────────────
    test-results\responsive-design-반응형-디자인--7bf79-sktop-1024px-에서-그리드-레이아웃-확인-chromium\test-failed-1.png
    ────────────────────────────────────────────────────────────────────────────────────────────────

    Error Context: test-results\responsive-design-반응형-디자인--7bf79-sktop-1024px-에서-그리드-레이아웃-확인-chromium\error-context.md


[1A[2K[104/130] [chromium] › e2e\responsive-design.spec.ts:81:11 › 반응형 디자인 - 다중 Viewport › 글 목록 페이지 (포스트 목록) › Desktop (1280px)에서 그리드 레이아웃 확인
[1A[2K  31) [chromium] › e2e\responsive-design.spec.ts:81:11 › 반응형 디자인 - 다중 Viewport › 글 목록 페이지 (포스트 목록) › Desktop (1280px)에서 그리드 레이아웃 확인 

    Error: [2mexpect([22m[31mreceived[39m[2m).[22mtoBeCloseTo[2m([22m[32mexpected[39m[2m, [22mprecision[2m)[22m

    Expected: [32m1248[39m
    Received: [31m1216[39m

    Expected precision:    100
    Expected difference: < [32m5e-101[39m
    Received difference:   [31m32[39m

      104 |         if (await gridContainer.isVisible()) {
      105 |           const gridBoundingBox = await gridContainer.boundingBox();
    > 106 |           expect(gridBoundingBox!.width).toBeCloseTo(viewport.width - 32, 100); // px-4 padding 고려
          |                                          ^
      107 |         }
      108 |
      109 |         await context.close();
        at C:\Users\wornt\workspace\my-blog\e2e\responsive-design.spec.ts:106:42

    attachment #1: screenshot (image/png) ──────────────────────────────────────────────────────────
    test-results\responsive-design-반응형-디자인--babca-sktop-1280px-에서-그리드-레이아웃-확인-chromium\test-failed-1.png
    ────────────────────────────────────────────────────────────────────────────────────────────────

    Error Context: test-results\responsive-design-반응형-디자인--babca-sktop-1280px-에서-그리드-레이아웃-확인-chromium\error-context.md


[1A[2K[105/130] [chromium] › e2e\responsive-design.spec.ts:81:11 › 반응형 디자인 - 다중 Viewport › 글 목록 페이지 (포스트 목록) › Desktop (1920px)에서 그리드 레이아웃 확인
[1A[2K  32) [chromium] › e2e\responsive-design.spec.ts:81:11 › 반응형 디자인 - 다중 Viewport › 글 목록 페이지 (포스트 목록) › Desktop (1920px)에서 그리드 레이아웃 확인 

    Error: [2mexpect([22m[31mreceived[39m[2m).[22mtoBeCloseTo[2m([22m[32mexpected[39m[2m, [22mprecision[2m)[22m

    Expected: [32m1888[39m
    Received: [31m1280[39m

    Expected precision:    100
    Expected difference: < [32m5e-101[39m
    Received difference:   [31m608[39m

      104 |         if (await gridContainer.isVisible()) {
      105 |           const gridBoundingBox = await gridContainer.boundingBox();
    > 106 |           expect(gridBoundingBox!.width).toBeCloseTo(viewport.width - 32, 100); // px-4 padding 고려
          |                                          ^
      107 |         }
      108 |
      109 |         await context.close();
        at C:\Users\wornt\workspace\my-blog\e2e\responsive-design.spec.ts:106:42

    attachment #1: screenshot (image/png) ──────────────────────────────────────────────────────────
    test-results\responsive-design-반응형-디자인--8a5ae-sktop-1920px-에서-그리드-레이아웃-확인-chromium\test-failed-1.png
    ────────────────────────────────────────────────────────────────────────────────────────────────

    Error Context: test-results\responsive-design-반응형-디자인--8a5ae-sktop-1920px-에서-그리드-레이아웃-확인-chromium\error-context.md


[1A[2K[106/130] [chromium] › e2e\responsive-design.spec.ts:116:11 › 반응형 디자인 - 다중 Viewport › 글 상세 페이지 › Mobile (360px)에서 콘텐츠 레이아웃 확인
[1A[2K  33) [chromium] › e2e\notion-api.spec.ts:91:7 › Notion API 테스트 › Rate Limit 관리 - 연속 요청 처리 ─────────

    [31mTest timeout of 30000ms exceeded.[39m

    Error: locator.click: Test timeout of 30000ms exceeded.
    Call log:
    [2m  - waiting for locator('[data-testid="post-link"]').first()[22m
    [2m    - locator resolved to <a data-testid="post-link" href="/posts/353da59e-7d34-80ba-a340-da3e87577aa4">…</a>[22m
    [2m  - attempting click action[22m
    [2m    2 × waiting for element to be visible, enabled and stable[22m
    [2m      - element is visible, enabled and stable[22m
    [2m      - scrolling into view if needed[22m
    [2m      - done scrolling[22m
    [2m      - <div class="relative z-10 flex w-full max-w-4xl flex-col items-start px-4 sm:px-6 md:px-16 lg:px-20 xl:px-24">…</div> from <div class="absolute inset-0 transition-opacity duration-500 opacity-100">…</div> subtree intercepts pointer events[22m
    [2m    - retrying click action[22m
    [2m    - waiting 20ms[22m
    [2m    - waiting for element to be visible, enabled and stable[22m
    [2m    - element is visible, enabled and stable[22m
    [2m    - scrolling into view if needed[22m
    [2m    - done scrolling[22m
    [2m    - <div class="relative z-10 flex w-full max-w-4xl flex-col items-start px-4 sm:px-6 md:px-16 lg:px-20 xl:px-24">…</div> from <div class="absolute inset-0 transition-opacity duration-500 opacity-100">…</div> subtree intercepts pointer events[22m
    [2m  - retrying click action[22m
    [2m    - waiting 100ms[22m
    [2m    - waiting for element to be visible, enabled and stable[22m
    [2m    - element is not stable[22m
    [2m  - retrying click action[22m
    [2m    - waiting 100ms[22m
    [2m    54 × waiting for element to be visible, enabled and stable[22m
    [2m       - element is visible, enabled and stable[22m
    [2m       - scrolling into view if needed[22m
    [2m       - done scrolling[22m
    [2m       - <div class="relative z-10 flex w-full max-w-4xl flex-col items-start px-4 sm:px-6 md:px-16 lg:px-20 xl:px-24">…</div> from <div class="absolute inset-0 transition-opacity duration-500 opacity-100">…</div> subtree intercepts pointer events[22m
    [2m     - retrying click action[22m
    [2m       - waiting 500ms[22m


       98 |
       99 |     for (let i = 0; i < count; i++) {
    > 100 |       await postLinks.nth(i).click();
          |                              ^
      101 |       await expect(page.locator('[data-testid="post-title"]')).toBeVisible();
      102 |       await page.goBack();
      103 |       await page.goto("/");
        at C:\Users\wornt\workspace\my-blog\e2e\notion-api.spec.ts:100:30

    attachment #1: screenshot (image/png) ──────────────────────────────────────────────────────────
    test-results\notion-api-Notion-API-테스트-Rate-Limit-관리---연속-요청-처리-chromium\test-failed-1.png
    ────────────────────────────────────────────────────────────────────────────────────────────────

    Error Context: test-results\notion-api-Notion-API-테스트-Rate-Limit-관리---연속-요청-처리-chromium\error-context.md


[1A[2K  34) [chromium] › e2e\responsive-design.spec.ts:116:11 › 반응형 디자인 - 다중 Viewport › 글 상세 페이지 › Mobile (360px)에서 콘텐츠 레이아웃 확인 

    [31mTest timeout of 30000ms exceeded.[39m

    Error: locator.boundingBox: Test ended.
    Call log:
    [2m  - waiting for locator('[data-testid="post-content"]')[22m


      142 |           // 콘텐츠 영역이 overflow 없이 렌더링되는지 확인
      143 |           const postContent = page.locator('[data-testid="post-content"]');
    > 144 |           const boundingBox = await postContent.boundingBox();
          |                                                 ^
      145 |           expect(boundingBox).not.toBeNull();
      146 |           expect(boundingBox!.width).toBeGreaterThan(0);
      147 |
        at C:\Users\wornt\workspace\my-blog\e2e\responsive-design.spec.ts:144:49

    attachment #1: screenshot (image/png) ──────────────────────────────────────────────────────────
    test-results\responsive-design-반응형-디자인--2e90c-Mobile-360px-에서-콘텐츠-레이아웃-확인-chromium\test-failed-1.png
    ────────────────────────────────────────────────────────────────────────────────────────────────

    Error Context: test-results\responsive-design-반응형-디자인--2e90c-Mobile-360px-에서-콘텐츠-레이아웃-확인-chromium\error-context.md


[1A[2K[107/130] [chromium] › e2e\responsive-design.spec.ts:116:11 › 반응형 디자인 - 다중 Viewport › 글 상세 페이지 › Mobile (375px - iPhone SE)에서 콘텐츠 레이아웃 확인
[1A[2K  35) [chromium] › e2e\responsive-design.spec.ts:116:11 › 반응형 디자인 - 다중 Viewport › 글 상세 페이지 › Mobile (375px - iPhone SE)에서 콘텐츠 레이아웃 확인 

    [31mTest timeout of 30000ms exceeded.[39m

    Error: locator.boundingBox: Test ended.
    Call log:
    [2m  - waiting for locator('[data-testid="post-content"]')[22m


      142 |           // 콘텐츠 영역이 overflow 없이 렌더링되는지 확인
      143 |           const postContent = page.locator('[data-testid="post-content"]');
    > 144 |           const boundingBox = await postContent.boundingBox();
          |                                                 ^
      145 |           expect(boundingBox).not.toBeNull();
      146 |           expect(boundingBox!.width).toBeGreaterThan(0);
      147 |
        at C:\Users\wornt\workspace\my-blog\e2e\responsive-design.spec.ts:144:49

    attachment #1: screenshot (image/png) ──────────────────────────────────────────────────────────
    test-results\responsive-design-반응형-디자인--4f1a2----iPhone-SE-에서-콘텐츠-레이아웃-확인-chromium\test-failed-1.png
    ────────────────────────────────────────────────────────────────────────────────────────────────

    Error Context: test-results\responsive-design-반응형-디자인--4f1a2----iPhone-SE-에서-콘텐츠-레이아웃-확인-chromium\error-context.md


[1A[2K[108/130] [chromium] › e2e\responsive-design.spec.ts:116:11 › 반응형 디자인 - 다중 Viewport › 글 상세 페이지 › Mobile (414px - iPhone 12)에서 콘텐츠 레이아웃 확인
[1A[2K  36) [chromium] › e2e\responsive-design.spec.ts:116:11 › 반응형 디자인 - 다중 Viewport › 글 상세 페이지 › Mobile (414px - iPhone 12)에서 콘텐츠 레이아웃 확인 

    [31mTest timeout of 30000ms exceeded.[39m

    Error: locator.boundingBox: Test ended.
    Call log:
    [2m  - waiting for locator('[data-testid="post-content"]')[22m


      142 |           // 콘텐츠 영역이 overflow 없이 렌더링되는지 확인
      143 |           const postContent = page.locator('[data-testid="post-content"]');
    > 144 |           const boundingBox = await postContent.boundingBox();
          |                                                 ^
      145 |           expect(boundingBox).not.toBeNull();
      146 |           expect(boundingBox!.width).toBeGreaterThan(0);
      147 |
        at C:\Users\wornt\workspace\my-blog\e2e\responsive-design.spec.ts:144:49

    attachment #1: screenshot (image/png) ──────────────────────────────────────────────────────────
    test-results\responsive-design-반응형-디자인--15ad4----iPhone-12-에서-콘텐츠-레이아웃-확인-chromium\test-failed-1.png
    ────────────────────────────────────────────────────────────────────────────────────────────────

    Error Context: test-results\responsive-design-반응형-디자인--15ad4----iPhone-12-에서-콘텐츠-레이아웃-확인-chromium\error-context.md


[1A[2K[109/130] [chromium] › e2e\responsive-design.spec.ts:116:11 › 반응형 디자인 - 다중 Viewport › 글 상세 페이지 › Tablet (768px - iPad)에서 콘텐츠 레이아웃 확인
[1A[2K  37) [chromium] › e2e\responsive-design.spec.ts:116:11 › 반응형 디자인 - 다중 Viewport › 글 상세 페이지 › Tablet (768px - iPad)에서 콘텐츠 레이아웃 확인 

    [31mTest timeout of 30000ms exceeded.[39m

    Error: locator.boundingBox: Test ended.
    Call log:
    [2m  - waiting for locator('[data-testid="post-content"]')[22m


      142 |           // 콘텐츠 영역이 overflow 없이 렌더링되는지 확인
      143 |           const postContent = page.locator('[data-testid="post-content"]');
    > 144 |           const boundingBox = await postContent.boundingBox();
          |                                                 ^
      145 |           expect(boundingBox).not.toBeNull();
      146 |           expect(boundingBox!.width).toBeGreaterThan(0);
      147 |
        at C:\Users\wornt\workspace\my-blog\e2e\responsive-design.spec.ts:144:49

    attachment #1: screenshot (image/png) ──────────────────────────────────────────────────────────
    test-results\responsive-design-반응형-디자인--4d48f-768px---iPad-에서-콘텐츠-레이아웃-확인-chromium\test-failed-1.png
    ────────────────────────────────────────────────────────────────────────────────────────────────

    Error Context: test-results\responsive-design-반응형-디자인--4d48f-768px---iPad-에서-콘텐츠-레이아웃-확인-chromium\error-context.md


[1A[2K[110/130] [chromium] › e2e\responsive-design.spec.ts:116:11 › 반응형 디자인 - 다중 Viewport › 글 상세 페이지 › Tablet (820px - iPad Air)에서 콘텐츠 레이아웃 확인
[1A[2K  38) [chromium] › e2e\responsive-design.spec.ts:116:11 › 반응형 디자인 - 다중 Viewport › 글 상세 페이지 › Tablet (820px - iPad Air)에서 콘텐츠 레이아웃 확인 

    [31mTest timeout of 30000ms exceeded.[39m

    Error: locator.boundingBox: Test ended.
    Call log:
    [2m  - waiting for locator('[data-testid="post-content"]')[22m


      142 |           // 콘텐츠 영역이 overflow 없이 렌더링되는지 확인
      143 |           const postContent = page.locator('[data-testid="post-content"]');
    > 144 |           const boundingBox = await postContent.boundingBox();
          |                                                 ^
      145 |           expect(boundingBox).not.toBeNull();
      146 |           expect(boundingBox!.width).toBeGreaterThan(0);
      147 |
        at C:\Users\wornt\workspace\my-blog\e2e\responsive-design.spec.ts:144:49

    attachment #1: screenshot (image/png) ──────────────────────────────────────────────────────────
    test-results\responsive-design-반응형-디자인--8eaa9-x---iPad-Air-에서-콘텐츠-레이아웃-확인-chromium\test-failed-1.png
    ────────────────────────────────────────────────────────────────────────────────────────────────

    Error Context: test-results\responsive-design-반응형-디자인--8eaa9-x---iPad-Air-에서-콘텐츠-레이아웃-확인-chromium\error-context.md


[1A[2K[111/130] [chromium] › e2e\responsive-design.spec.ts:116:11 › 반응형 디자인 - 다중 Viewport › 글 상세 페이지 › Desktop (1024px)에서 콘텐츠 레이아웃 확인
[1A[2K  39) [chromium] › e2e\responsive-design.spec.ts:116:11 › 반응형 디자인 - 다중 Viewport › 글 상세 페이지 › Desktop (1024px)에서 콘텐츠 레이아웃 확인 

    [31mTest timeout of 30000ms exceeded.[39m

    Error: locator.boundingBox: Test ended.
    Call log:
    [2m  - waiting for locator('[data-testid="post-content"]')[22m


      142 |           // 콘텐츠 영역이 overflow 없이 렌더링되는지 확인
      143 |           const postContent = page.locator('[data-testid="post-content"]');
    > 144 |           const boundingBox = await postContent.boundingBox();
          |                                                 ^
      145 |           expect(boundingBox).not.toBeNull();
      146 |           expect(boundingBox!.width).toBeGreaterThan(0);
      147 |
        at C:\Users\wornt\workspace\my-blog\e2e\responsive-design.spec.ts:144:49

    attachment #1: screenshot (image/png) ──────────────────────────────────────────────────────────
    test-results\responsive-design-반응형-디자인--18834-sktop-1024px-에서-콘텐츠-레이아웃-확인-chromium\test-failed-1.png
    ────────────────────────────────────────────────────────────────────────────────────────────────

    Error Context: test-results\responsive-design-반응형-디자인--18834-sktop-1024px-에서-콘텐츠-레이아웃-확인-chromium\error-context.md


[1A[2K[112/130] [chromium] › e2e\responsive-design.spec.ts:116:11 › 반응형 디자인 - 다중 Viewport › 글 상세 페이지 › Desktop (1280px)에서 콘텐츠 레이아웃 확인
[1A[2K  40) [chromium] › e2e\responsive-design.spec.ts:116:11 › 반응형 디자인 - 다중 Viewport › 글 상세 페이지 › Desktop (1280px)에서 콘텐츠 레이아웃 확인 

    [31mTest timeout of 30000ms exceeded.[39m

    Error: locator.boundingBox: Test ended.
    Call log:
    [2m  - waiting for locator('[data-testid="post-content"]')[22m


      142 |           // 콘텐츠 영역이 overflow 없이 렌더링되는지 확인
      143 |           const postContent = page.locator('[data-testid="post-content"]');
    > 144 |           const boundingBox = await postContent.boundingBox();
          |                                                 ^
      145 |           expect(boundingBox).not.toBeNull();
      146 |           expect(boundingBox!.width).toBeGreaterThan(0);
      147 |
        at C:\Users\wornt\workspace\my-blog\e2e\responsive-design.spec.ts:144:49

    attachment #1: screenshot (image/png) ──────────────────────────────────────────────────────────
    test-results\responsive-design-반응형-디자인--e9839-sktop-1280px-에서-콘텐츠-레이아웃-확인-chromium\test-failed-1.png
    ────────────────────────────────────────────────────────────────────────────────────────────────

    Error Context: test-results\responsive-design-반응형-디자인--e9839-sktop-1280px-에서-콘텐츠-레이아웃-확인-chromium\error-context.md


[1A[2K[113/130] [chromium] › e2e\responsive-design.spec.ts:116:11 › 반응형 디자인 - 다중 Viewport › 글 상세 페이지 › Desktop (1920px)에서 콘텐츠 레이아웃 확인
[1A[2K  41) [chromium] › e2e\responsive-design.spec.ts:116:11 › 반응형 디자인 - 다중 Viewport › 글 상세 페이지 › Desktop (1920px)에서 콘텐츠 레이아웃 확인 

    [31mTest timeout of 30000ms exceeded.[39m

    Error: locator.boundingBox: Test ended.
    Call log:
    [2m  - waiting for locator('[data-testid="post-content"]')[22m


      142 |           // 콘텐츠 영역이 overflow 없이 렌더링되는지 확인
      143 |           const postContent = page.locator('[data-testid="post-content"]');
    > 144 |           const boundingBox = await postContent.boundingBox();
          |                                                 ^
      145 |           expect(boundingBox).not.toBeNull();
      146 |           expect(boundingBox!.width).toBeGreaterThan(0);
      147 |
        at C:\Users\wornt\workspace\my-blog\e2e\responsive-design.spec.ts:144:49

    attachment #1: screenshot (image/png) ──────────────────────────────────────────────────────────
    test-results\responsive-design-반응형-디자인--25e02-sktop-1920px-에서-콘텐츠-레이아웃-확인-chromium\test-failed-1.png
    ────────────────────────────────────────────────────────────────────────────────────────────────

    Error Context: test-results\responsive-design-반응형-디자인--25e02-sktop-1920px-에서-콘텐츠-레이아웃-확인-chromium\error-context.md


[1A[2K[114/130] [chromium] › e2e\responsive-design.spec.ts:164:9 › 반응형 디자인 - 다중 Viewport › 터치 친화적 요소 검증 › 모바일에서 버튼/링크 최소 44px 탭 영역 확보
[1A[2K[115/130] [chromium] › e2e\responsive-design.spec.ts:188:11 › 반응형 디자인 - 다중 Viewport › 이미지 반응형 확인 › Mobile (360px)에서 이미지 렌더링
[1A[2K[116/130] [chromium] › e2e\responsive-design.spec.ts:188:11 › 반응형 디자인 - 다중 Viewport › 이미지 반응형 확인 › Mobile (375px - iPhone SE)에서 이미지 렌더링
[1A[2K[117/130] [chromium] › e2e\responsive-design.spec.ts:188:11 › 반응형 디자인 - 다중 Viewport › 이미지 반응형 확인 › Mobile (414px - iPhone 12)에서 이미지 렌더링
[1A[2K[118/130] [chromium] › e2e\responsive-design.spec.ts:188:11 › 반응형 디자인 - 다중 Viewport › 이미지 반응형 확인 › Tablet (768px - iPad)에서 이미지 렌더링
[1A[2K  42) [chromium] › e2e\responsive-design.spec.ts:188:11 › 반응형 디자인 - 다중 Viewport › 이미지 반응형 확인 › Tablet (768px - iPad)에서 이미지 렌더링 

    [31mTest timeout of 30000ms exceeded.[39m

    Error: page.waitForLoadState: Test ended.

      193 |
      194 |         await page.goto("/");
    > 195 |         await page.waitForLoadState("networkidle");
          |                    ^
      196 |
      197 |         // 슬라이드로 이동
      198 |         await page.goto("/?slide=1");
        at C:\Users\wornt\workspace\my-blog\e2e\responsive-design.spec.ts:195:20

    attachment #1: screenshot (image/png) ──────────────────────────────────────────────────────────
    test-results\responsive-design-반응형-디자인--651ce-let-768px---iPad-에서-이미지-렌더링-chromium\test-failed-1.png
    ────────────────────────────────────────────────────────────────────────────────────────────────

    Error Context: test-results\responsive-design-반응형-디자인--651ce-let-768px---iPad-에서-이미지-렌더링-chromium\error-context.md


[1A[2K[119/130] [chromium] › e2e\responsive-design.spec.ts:188:11 › 반응형 디자인 - 다중 Viewport › 이미지 반응형 확인 › Tablet (820px - iPad Air)에서 이미지 렌더링
[1A[2K[120/130] [chromium] › e2e\responsive-design.spec.ts:188:11 › 반응형 디자인 - 다중 Viewport › 이미지 반응형 확인 › Desktop (1024px)에서 이미지 렌더링
[1A[2K  43) [chromium] › e2e\responsive-design.spec.ts:188:11 › 반응형 디자인 - 다중 Viewport › 이미지 반응형 확인 › Desktop (1024px)에서 이미지 렌더링 

    [31mTest timeout of 30000ms exceeded.[39m

    Error: page.waitForLoadState: Test ended.

      193 |
      194 |         await page.goto("/");
    > 195 |         await page.waitForLoadState("networkidle");
          |                    ^
      196 |
      197 |         // 슬라이드로 이동
      198 |         await page.goto("/?slide=1");
        at C:\Users\wornt\workspace\my-blog\e2e\responsive-design.spec.ts:195:20

    attachment #1: screenshot (image/png) ──────────────────────────────────────────────────────────
    test-results\responsive-design-반응형-디자인--4de34-인-Desktop-1024px-에서-이미지-렌더링-chromium\test-failed-1.png
    ────────────────────────────────────────────────────────────────────────────────────────────────

    Error Context: test-results\responsive-design-반응형-디자인--4de34-인-Desktop-1024px-에서-이미지-렌더링-chromium\error-context.md


[1A[2K[121/130] [chromium] › e2e\responsive-design.spec.ts:188:11 › 반응형 디자인 - 다중 Viewport › 이미지 반응형 확인 › Desktop (1280px)에서 이미지 렌더링
[1A[2K[122/130] [chromium] › e2e\responsive-design.spec.ts:188:11 › 반응형 디자인 - 다중 Viewport › 이미지 반응형 확인 › Desktop (1920px)에서 이미지 렌더링
[1A[2K  44) [chromium] › e2e\responsive-design.spec.ts:188:11 › 반응형 디자인 - 다중 Viewport › 이미지 반응형 확인 › Desktop (1920px)에서 이미지 렌더링 

    [31mTest timeout of 30000ms exceeded.[39m

    Error: page.waitForLoadState: Test ended.

      193 |
      194 |         await page.goto("/");
    > 195 |         await page.waitForLoadState("networkidle");
          |                    ^
      196 |
      197 |         // 슬라이드로 이동
      198 |         await page.goto("/?slide=1");
        at C:\Users\wornt\workspace\my-blog\e2e\responsive-design.spec.ts:195:20

    attachment #1: screenshot (image/png) ──────────────────────────────────────────────────────────
    test-results\responsive-design-반응형-디자인--bcca2-인-Desktop-1920px-에서-이미지-렌더링-chromium\test-failed-1.png
    ────────────────────────────────────────────────────────────────────────────────────────────────

    Error Context: test-results\responsive-design-반응형-디자인--bcca2-인-Desktop-1920px-에서-이미지-렌더링-chromium\error-context.md


[1A[2K[123/130] [chromium] › e2e\responsive-design.spec.ts:219:11 › 반응형 디자인 - 다중 Viewport › 텍스트 가독성 › Mobile (360px)에서 텍스트 라인 길이 확인
[1A[2K[124/130] [chromium] › e2e\responsive-design.spec.ts:219:11 › 반응형 디자인 - 다중 Viewport › 텍스트 가독성 › Mobile (375px - iPhone SE)에서 텍스트 라인 길이 확인
[1A[2K[125/130] [chromium] › e2e\responsive-design.spec.ts:219:11 › 반응형 디자인 - 다중 Viewport › 텍스트 가독성 › Mobile (414px - iPhone 12)에서 텍스트 라인 길이 확인
[1A[2K[126/130] [chromium] › e2e\responsive-design.spec.ts:219:11 › 반응형 디자인 - 다중 Viewport › 텍스트 가독성 › Tablet (768px - iPad)에서 텍스트 라인 길이 확인
[1A[2K  45) [chromium] › e2e\responsive-design.spec.ts:219:11 › 반응형 디자인 - 다중 Viewport › 텍스트 가독성 › Tablet (768px - iPad)에서 텍스트 라인 길이 확인 

    [31mTest timeout of 30000ms exceeded.[39m

    Error: page.waitForLoadState: Test ended.

      224 |
      225 |         await page.goto("/");
    > 226 |         await page.waitForLoadState("networkidle");
          |                    ^
      227 |
      228 |         // 메인 콘텐츠 영역 너비 확인
      229 |         const mainContent = page.locator("main");
        at C:\Users\wornt\workspace\my-blog\e2e\responsive-design.spec.ts:226:20

    attachment #1: screenshot (image/png) ──────────────────────────────────────────────────────────
    test-results\responsive-design-반응형-디자인--24133-68px---iPad-에서-텍스트-라인-길이-확인-chromium\test-failed-1.png
    ────────────────────────────────────────────────────────────────────────────────────────────────

    Error Context: test-results\responsive-design-반응형-디자인--24133-68px---iPad-에서-텍스트-라인-길이-확인-chromium\error-context.md


[1A[2K[127/130] [chromium] › e2e\responsive-design.spec.ts:219:11 › 반응형 디자인 - 다중 Viewport › 텍스트 가독성 › Tablet (820px - iPad Air)에서 텍스트 라인 길이 확인
[1A[2K[128/130] [chromium] › e2e\responsive-design.spec.ts:219:11 › 반응형 디자인 - 다중 Viewport › 텍스트 가독성 › Desktop (1024px)에서 텍스트 라인 길이 확인
[1A[2K  46) [chromium] › e2e\responsive-design.spec.ts:219:11 › 반응형 디자인 - 다중 Viewport › 텍스트 가독성 › Desktop (1024px)에서 텍스트 라인 길이 확인 

    [31mTest timeout of 30000ms exceeded.[39m

    Error: page.waitForLoadState: Test ended.

      224 |
      225 |         await page.goto("/");
    > 226 |         await page.waitForLoadState("networkidle");
          |                    ^
      227 |
      228 |         // 메인 콘텐츠 영역 너비 확인
      229 |         const mainContent = page.locator("main");
        at C:\Users\wornt\workspace\my-blog\e2e\responsive-design.spec.ts:226:20

    attachment #1: screenshot (image/png) ──────────────────────────────────────────────────────────
    test-results\responsive-design-반응형-디자인--55015-ktop-1024px-에서-텍스트-라인-길이-확인-chromium\test-failed-1.png
    ────────────────────────────────────────────────────────────────────────────────────────────────

    Error Context: test-results\responsive-design-반응형-디자인--55015-ktop-1024px-에서-텍스트-라인-길이-확인-chromium\error-context.md


[1A[2K[129/130] [chromium] › e2e\responsive-design.spec.ts:219:11 › 반응형 디자인 - 다중 Viewport › 텍스트 가독성 › Desktop (1280px)에서 텍스트 라인 길이 확인
[1A[2K[130/130] [chromium] › e2e\responsive-design.spec.ts:219:11 › 반응형 디자인 - 다중 Viewport › 텍스트 가독성 › Desktop (1920px)에서 텍스트 라인 길이 확인
[1A[2K  47) [chromium] › e2e\responsive-design.spec.ts:219:11 › 반응형 디자인 - 다중 Viewport › 텍스트 가독성 › Desktop (1920px)에서 텍스트 라인 길이 확인 

    [31mTest timeout of 30000ms exceeded.[39m

    Error: page.waitForLoadState: Test ended.

      224 |
      225 |         await page.goto("/");
    > 226 |         await page.waitForLoadState("networkidle");
          |                    ^
      227 |
      228 |         // 메인 콘텐츠 영역 너비 확인
      229 |         const mainContent = page.locator("main");
        at C:\Users\wornt\workspace\my-blog\e2e\responsive-design.spec.ts:226:20

    attachment #1: screenshot (image/png) ──────────────────────────────────────────────────────────
    test-results\responsive-design-반응형-디자인--aca87-ktop-1920px-에서-텍스트-라인-길이-확인-chromium\test-failed-1.png
    ────────────────────────────────────────────────────────────────────────────────────────────────

    Error Context: test-results\responsive-design-반응형-디자인--aca87-ktop-1920px-에서-텍스트-라인-길이-확인-chromium\error-context.md


[1A[2K  47 failed
    [chromium] › e2e\api-integration.spec.ts:15:7 › Notion API 통합 테스트 › Notion 데이터베이스 쿼리 동작 확인 ─────
    [chromium] › e2e\api-integration.spec.ts:41:7 › Notion API 통합 테스트 › Rate Limit 관리 - 연속 요청 처리 ───
    [chromium] › e2e\home-page.spec.ts:20:7 › 홈 페이지 E2E 테스트 › 최소 10개 이상의 포스트 카드 표시 ─────────────────
    [chromium] › e2e\integration-flow.spec.ts:4:7 › 통합 E2E 흐름 테스트 › 시나리오1: 홈 → 글 상세 → 이전/다음 네비게이션 ──
    [chromium] › e2e\lighthouse.spec.ts:4:7 › Lighthouse 성능 및 접근성 검증 › 홈 페이지 기본 메트릭스 확인 ────────────
    [chromium] › e2e\lighthouse.spec.ts:52:7 › Lighthouse 성능 및 접근성 검증 › 이미지 최적화 확인 ─────────────────
    [chromium] › e2e\lighthouse.spec.ts:73:7 › Lighthouse 성능 및 접근성 검증 › JavaScript 번들 크기 확인 ────────
    [chromium] › e2e\lighthouse.spec.ts:96:7 › Lighthouse 성능 및 접근성 검증 › 메타 태그 및 SEO 검증 ─────────────
    [chromium] › e2e\lighthouse.spec.ts:139:7 › Lighthouse 성능 및 접근성 검증 › 접근성 - ARIA 속성 확인 ──────────
    [chromium] › e2e\lighthouse.spec.ts:205:7 › Lighthouse 성능 및 접근성 검증 › 캐싱 및 리소스 재사용 ──────────────
    [chromium] › e2e\notion-api.spec.ts:14:7 › Notion API 테스트 › getPostBySlug() - 특정 글 조회 ──────────
    [chromium] › e2e\notion-api.spec.ts:31:7 › Notion API 테스트 › getPostBlocks() - 글의 블록 렌더링 ────────
    [chromium] › e2e\notion-api.spec.ts:47:7 › Notion API 테스트 › 카테고리 필터링 ───────────────────────────
    [chromium] › e2e\notion-api.spec.ts:68:7 › Notion API 테스트 › 태그 필터링 ─────────────────────────────
    [chromium] › e2e\notion-api.spec.ts:91:7 › Notion API 테스트 › Rate Limit 관리 - 연속 요청 처리 ───────────
    [chromium] › e2e\post-detail.spec.ts:28:7 › 글 상세 페이지 E2E 테스트 › 글 메타 정보 (카테고리, 태그, 날짜) 표시 ───────
    [chromium] › e2e\post-detail.spec.ts:51:7 › 글 상세 페이지 E2E 테스트 › Notion 블록 렌더링 검증 ────────────────
    [chromium] › e2e\post-detail.spec.ts:301:7 › 글 상세 페이지 E2E 테스트 › 태그 필터링 페이지에서 글 목록 표시 ───────────
    [chromium] › e2e\responsive-design.spec.ts:50:11 › 반응형 디자인 - 다중 Viewport › 홈 페이지 › Tablet (768px - iPad)에서 정상 렌더링 
    [chromium] › e2e\responsive-design.spec.ts:50:11 › 반응형 디자인 - 다중 Viewport › 홈 페이지 › Tablet (820px - iPad Air)에서 정상 렌더링 
    [chromium] › e2e\responsive-design.spec.ts:50:11 › 반응형 디자인 - 다중 Viewport › 홈 페이지 › Desktop (1280px)에서 정상 렌더링 
    [chromium] › e2e\responsive-design.spec.ts:81:11 › 반응형 디자인 - 다중 Viewport › 글 목록 페이지 (포스트 목록) › Tablet (768px - iPad)에서 그리드 레이아웃 확인 
    [chromium] › e2e\responsive-design.spec.ts:81:11 › 반응형 디자인 - 다중 Viewport › 글 목록 페이지 (포스트 목록) › Tablet (820px - iPad Air)에서 그리드 레이아웃 확인 
    [chromium] › e2e\responsive-design.spec.ts:81:11 › 반응형 디자인 - 다중 Viewport › 글 목록 페이지 (포스트 목록) › Desktop (1024px)에서 그리드 레이아웃 확인 
    [chromium] › e2e\responsive-design.spec.ts:81:11 › 반응형 디자인 - 다중 Viewport › 글 목록 페이지 (포스트 목록) › Desktop (1280px)에서 그리드 레이아웃 확인 
    [chromium] › e2e\responsive-design.spec.ts:81:11 › 반응형 디자인 - 다중 Viewport › 글 목록 페이지 (포스트 목록) › Desktop (1920px)에서 그리드 레이아웃 확인 
    [chromium] › e2e\responsive-design.spec.ts:116:11 › 반응형 디자인 - 다중 Viewport › 글 상세 페이지 › Mobile (360px)에서 콘텐츠 레이아웃 확인 
    [chromium] › e2e\responsive-design.spec.ts:116:11 › 반응형 디자인 - 다중 Viewport › 글 상세 페이지 › Mobile (375px - iPhone SE)에서 콘텐츠 레이아웃 확인 
    [chromium] › e2e\responsive-design.spec.ts:116:11 › 반응형 디자인 - 다중 Viewport › 글 상세 페이지 › Mobile (414px - iPhone 12)에서 콘텐츠 레이아웃 확인 
    [chromium] › e2e\responsive-design.spec.ts:116:11 › 반응형 디자인 - 다중 Viewport › 글 상세 페이지 › Tablet (768px - iPad)에서 콘텐츠 레이아웃 확인 
    [chromium] › e2e\responsive-design.spec.ts:116:11 › 반응형 디자인 - 다중 Viewport › 글 상세 페이지 › Tablet (820px - iPad Air)에서 콘텐츠 레이아웃 확인 
    [chromium] › e2e\responsive-design.spec.ts:116:11 › 반응형 디자인 - 다중 Viewport › 글 상세 페이지 › Desktop (1024px)에서 콘텐츠 레이아웃 확인 
    [chromium] › e2e\responsive-design.spec.ts:116:11 › 반응형 디자인 - 다중 Viewport › 글 상세 페이지 › Desktop (1280px)에서 콘텐츠 레이아웃 확인 
    [chromium] › e2e\responsive-design.spec.ts:116:11 › 반응형 디자인 - 다중 Viewport › 글 상세 페이지 › Desktop (1920px)에서 콘텐츠 레이아웃 확인 
    [chromium] › e2e\responsive-design.spec.ts:188:11 › 반응형 디자인 - 다중 Viewport › 이미지 반응형 확인 › Tablet (768px - iPad)에서 이미지 렌더링 
    [chromium] › e2e\responsive-design.spec.ts:188:11 › 반응형 디자인 - 다중 Viewport › 이미지 반응형 확인 › Desktop (1024px)에서 이미지 렌더링 
    [chromium] › e2e\responsive-design.spec.ts:188:11 › 반응형 디자인 - 다중 Viewport › 이미지 반응형 확인 › Desktop (1920px)에서 이미지 렌더링 
    [chromium] › e2e\responsive-design.spec.ts:219:11 › 반응형 디자인 - 다중 Viewport › 텍스트 가독성 › Tablet (768px - iPad)에서 텍스트 라인 길이 확인 
    [chromium] › e2e\responsive-design.spec.ts:219:11 › 반응형 디자인 - 다중 Viewport › 텍스트 가독성 › Desktop (1024px)에서 텍스트 라인 길이 확인 
    [chromium] › e2e\responsive-design.spec.ts:219:11 › 반응형 디자인 - 다중 Viewport › 텍스트 가독성 › Desktop (1920px)에서 텍스트 라인 길이 확인 
    [chromium] › e2e\search.spec.ts:114:7 › 검색 기능 E2E 테스트 › 검색 페이지에서 포스트 카드 클릭 ─────────────────────
    [chromium] › e2e\search.spec.ts:133:7 › 검색 기능 E2E 테스트 › 검색 입력 시 debouncing 작동 확인 ───────────────
    [chromium] › e2e\search.spec.ts:153:7 › 검색 기능 E2E 테스트 › 빈 검색어로 검색하면 홈의 포스트 목록으로 이동 ─────────────
    [chromium] › e2e\tag-filtering.spec.ts:4:7 › 태그 필터링 기능 › 글 상세에서 태그 클릭 후 필터 페이지 이동 ──────────────
    [chromium] › e2e\tag-filtering.spec.ts:23:7 › 태그 필터링 기능 › 태그 필터 페이지에서 제목 표시 ────────────────────
    [chromium] › e2e\tag-filtering.spec.ts:44:7 › 태그 필터링 기능 › 태그 필터 페이지에서 글 목록 표시 ──────────────────
    [chromium] › e2e\tag-filtering.spec.ts:64:7 › 태그 필터링 기능 › 정적 생성 확인 - 태그 페이지 직접 접근 ──────────────
  83 passed (10.1m)
