[     135ms] [LOG] %c%s%c [HOME PAGE] Notion 글 수: background: #e6e6e6;background: light-dark(rgba(0,0,0,0.1), rgba(255,255,255,0.25));color: #000000;color: light-dark(#000000, #ffffff);border-radius: 2px  Server   3 @ about://React/Server/webpack-internal:///(rsc)/./app/page.tsx?0:25
[     135ms] [LOG] %c%s%c [HOME PAGE] 표시될 글 수: background: #e6e6e6;background: light-dark(rgba(0,0,0,0.1), rgba(255,255,255,0.25));color: #000000;color: light-dark(#000000, #ffffff);border-radius: 2px  Server   3 @ about://React/Server/webpack-internal:///(rsc)/./app/page.tsx?1:27
[     135ms] [LOG] %c%s%c [HOME PAGE] 테스트 글 사용? background: #e6e6e6;background: light-dark(rgba(0,0,0,0.1), rgba(255,255,255,0.25));color: #000000;color: light-dark(#000000, #ffffff);border-radius: 2px  Server   false @ about://React/Server/webpack-internal:///(rsc)/./app/page.tsx?2:28
[     196ms] [LOG] [Fast Refresh] rebuilding @ webpack-internal:///(app-pages-browser)/./node_modules/next/dist/client/dev/hot-reloader/app/hot-reloader-app.js:196
[     240ms] [LOG] [Fast Refresh] done in 43ms @ webpack-internal:///(app-pages-browser)/./node_modules/next/dist/client/dev/report-hmr-latency.js:13
[    2704ms] [LOG] [Fast Refresh] done in 2508ms @ webpack-internal:///(app-pages-browser)/./node_modules/next/dist/client/dev/report-hmr-latency.js:13
[    2776ms] [LOG] [Fast Refresh] rebuilding @ webpack-internal:///(app-pages-browser)/./node_modules/next/dist/client/dev/hot-reloader/app/hot-reloader-app.js:196
[    2777ms] [LOG] %c%s%c [HOME PAGE] Notion 글 수: background: #e6e6e6;background: light-dark(rgba(0,0,0,0.1), rgba(255,255,255,0.25));color: #000000;color: light-dark(#000000, #ffffff);border-radius: 2px  Server   3 @ about://React/Server/webpack-internal:///(rsc)/./app/page.tsx?0:25
[    2777ms] [LOG] %c%s%c [HOME PAGE] 표시될 글 수: background: #e6e6e6;background: light-dark(rgba(0,0,0,0.1), rgba(255,255,255,0.25));color: #000000;color: light-dark(#000000, #ffffff);border-radius: 2px  Server   3 @ about://React/Server/webpack-internal:///(rsc)/./app/page.tsx?1:27
[    2778ms] [LOG] %c%s%c [HOME PAGE] 테스트 글 사용? background: #e6e6e6;background: light-dark(rgba(0,0,0,0.1), rgba(255,255,255,0.25));color: #000000;color: light-dark(#000000, #ffffff);border-radius: 2px  Server   false @ about://React/Server/webpack-internal:///(rsc)/./app/page.tsx?2:28
[    3019ms] [LOG] [Fast Refresh] done in 244ms @ webpack-internal:///(app-pages-browser)/./node_modules/next/dist/client/dev/report-hmr-latency.js:13
[    3022ms] [LOG] [Fast Refresh] rebuilding @ webpack-internal:///(app-pages-browser)/./node_modules/next/dist/client/dev/hot-reloader/app/hot-reloader-app.js:196
[    3218ms] [LOG] [Fast Refresh] rebuilding @ webpack-internal:///(app-pages-browser)/./node_modules/next/dist/client/dev/hot-reloader/app/hot-reloader-app.js:196
[    3230ms] [LOG] [Fast Refresh] done in 12ms @ webpack-internal:///(app-pages-browser)/./node_modules/next/dist/client/dev/report-hmr-latency.js:13
[    3810ms] Invalid or unexpected token
[    4404ms] [INFO] %cDownload the React DevTools for a better development experience: https://react.dev/link/react-devtools font-weight:bold @ webpack-internal:///(app-pages-browser)/./node_modules/next/dist/compiled/react-dom/cjs/react-dom-client.development.js:25630
[    4459ms] [LOG] %c%s%c [getPostBySlug] 요청: 353da59e-7d34-80ba-a340-da3e87577aa4 background: #e6e6e6;background: light-dark(rgba(0,0,0,0.1), rgba(255,255,255,0.25));color: #000000;color: light-dark(#000000, #ffffff);border-radius: 2px  Server   @ about://React/Server/webpack-internal:///(rsc)/./lib/notion.ts?43:317
[    4460ms] [LOG] %c%s%c [getAllPosts] API Key 상태: background: #e6e6e6;background: light-dark(rgba(0,0,0,0.1), rgba(255,255,255,0.25));color: #000000;color: light-dark(#000000, #ffffff);border-radius: 2px  Server   true DB ID 상태: true @ about://React/Server/webpack-internal:///(rsc)/./lib/notion.ts?45:204
[    4460ms] [LOG] %c%s%c [getAllPosts] 원본 DB ID: background: #e6e6e6;background: light-dark(rgba(0,0,0,0.1), rgba(255,255,255,0.25));color: #000000;color: light-dark(#000000, #ffffff);border-radius: 2px  Server   34eda59e7d34807289edd723b14338e7 @ about://React/Server/webpack-internal:///(rsc)/./lib/notion.ts?47:214
[    4460ms] [LOG] %c%s%c [getAllPosts] 형식화된 DB ID: background: #e6e6e6;background: light-dark(rgba(0,0,0,0.1), rgba(255,255,255,0.25));color: #000000;color: light-dark(#000000, #ffffff);border-radius: 2px  Server   34eda59e-7d34-8072-89ed-d723b14338e7 @ about://React/Server/webpack-internal:///(rsc)/./lib/notion.ts?48:215
[    4460ms] [LOG] %c%s%c [getAllPosts] Notion 데이터베이스 조회 시작... background: #e6e6e6;background: light-dark(rgba(0,0,0,0.1), rgba(255,255,255,0.25));color: #000000;color: light-dark(#000000, #ffffff);border-radius: 2px  Server   @ about://React/Server/webpack-internal:///(rsc)/./lib/notion.ts?49:216
[    4460ms] [LOG] %c%s%c [getAllPosts] /search 엔드포인트를 사용하여 페이지 검색... background: #e6e6e6;background: light-dark(rgba(0,0,0,0.1), rgba(255,255,255,0.25));color: #000000;color: light-dark(#000000, #ffffff);border-radius: 2px  Server   @ about://React/Server/webpack-internal:///(rsc)/./lib/notion.ts?50:217
[    4460ms] [LOG] %c%s%c [getAllPosts] 검색 요청 시작... background: #e6e6e6;background: light-dark(rgba(0,0,0,0.1), rgba(255,255,255,0.25));color: #000000;color: light-dark(#000000, #ffffff);border-radius: 2px  Server   @ about://React/Server/webpack-internal:///(rsc)/./lib/notion.ts?51:224
[    4460ms] [LOG] %c%s%c [getPostBySlug] 요청: 353da59e-7d34-80ba-a340-da3e87577aa4 background: #e6e6e6;background: light-dark(rgba(0,0,0,0.1), rgba(255,255,255,0.25));color: #000000;color: light-dark(#000000, #ffffff);border-radius: 2px  Server   @ about://React/Server/webpack-internal:///(rsc)/./lib/notion.ts?43:317
[    4461ms] [LOG] %c%s%c [getAllPosts] API Key 상태: background: #e6e6e6;background: light-dark(rgba(0,0,0,0.1), rgba(255,255,255,0.25));color: #000000;color: light-dark(#000000, #ffffff);border-radius: 2px  Server   true DB ID 상태: true @ about://React/Server/webpack-internal:///(rsc)/./lib/notion.ts?45:204
[    4461ms] [LOG] %c%s%c [getAllPosts] 원본 DB ID: background: #e6e6e6;background: light-dark(rgba(0,0,0,0.1), rgba(255,255,255,0.25));color: #000000;color: light-dark(#000000, #ffffff);border-radius: 2px  Server   34eda59e7d34807289edd723b14338e7 @ about://React/Server/webpack-internal:///(rsc)/./lib/notion.ts?47:214
[    4461ms] [LOG] %c%s%c [getAllPosts] 형식화된 DB ID: background: #e6e6e6;background: light-dark(rgba(0,0,0,0.1), rgba(255,255,255,0.25));color: #000000;color: light-dark(#000000, #ffffff);border-radius: 2px  Server   34eda59e-7d34-8072-89ed-d723b14338e7 @ about://React/Server/webpack-internal:///(rsc)/./lib/notion.ts?48:215
[    4461ms] [LOG] %c%s%c [getAllPosts] Notion 데이터베이스 조회 시작... background: #e6e6e6;background: light-dark(rgba(0,0,0,0.1), rgba(255,255,255,0.25));color: #000000;color: light-dark(#000000, #ffffff);border-radius: 2px  Server   @ about://React/Server/webpack-internal:///(rsc)/./lib/notion.ts?49:216
[    4461ms] [LOG] %c%s%c [getAllPosts] /search 엔드포인트를 사용하여 페이지 검색... background: #e6e6e6;background: light-dark(rgba(0,0,0,0.1), rgba(255,255,255,0.25));color: #000000;color: light-dark(#000000, #ffffff);border-radius: 2px  Server   @ about://React/Server/webpack-internal:///(rsc)/./lib/notion.ts?50:217
[    4461ms] [LOG] %c%s%c [getAllPosts] 검색 요청 시작... background: #e6e6e6;background: light-dark(rgba(0,0,0,0.1), rgba(255,255,255,0.25));color: #000000;color: light-dark(#000000, #ffffff);border-radius: 2px  Server   @ about://React/Server/webpack-internal:///(rsc)/./lib/notion.ts?51:224
[    4461ms] [LOG] %c%s%c [getAllPosts] 검색 결과 수: background: #e6e6e6;background: light-dark(rgba(0,0,0,0.1), rgba(255,255,255,0.25));color: #000000;color: light-dark(#000000, #ffffff);border-radius: 2px  Server   3 @ about://React/Server/webpack-internal:///(rsc)/./lib/notion.ts?53:253
[    4461ms] [LOG] %c%s%c [getAllPosts] ✓ 매칭된 페이지: background: #e6e6e6;background: light-dark(rgba(0,0,0,0.1), rgba(255,255,255,0.25));color: #000000;color: light-dark(#000000, #ffffff);border-radius: 2px  Server   353da59e-7d34-80ba-a340-da3e87577aa4 @ about://React/Server/webpack-internal:///(rsc)/./lib/notion.ts?54:265
[    4461ms] [LOG] %c%s%c [getAllPosts] ✓ 매칭된 페이지: background: #e6e6e6;background: light-dark(rgba(0,0,0,0.1), rgba(255,255,255,0.25));color: #000000;color: light-dark(#000000, #ffffff);border-radius: 2px  Server   34eda59e-7d34-8077-b987-f8a0d7d92846 @ about://React/Server/webpack-internal:///(rsc)/./lib/notion.ts?54:265
[    4462ms] [LOG] %c%s%c [getAllPosts] ✓ 매칭된 페이지: background: #e6e6e6;background: light-dark(rgba(0,0,0,0.1), rgba(255,255,255,0.25));color: #000000;color: light-dark(#000000, #ffffff);border-radius: 2px  Server   34eda59e-7d34-804a-a5fe-f9fba835a2f3 @ about://React/Server/webpack-internal:///(rsc)/./lib/notion.ts?54:265
[    4462ms] [LOG] %c%s%c [getAllPosts] 필터링 후 페이지 수: background: #e6e6e6;background: light-dark(rgba(0,0,0,0.1), rgba(255,255,255,0.25));color: #000000;color: light-dark(#000000, #ffffff);border-radius: 2px  Server   3 @ about://React/Server/webpack-internal:///(rsc)/./lib/notion.ts?56:269
[    4462ms] [LOG] %c%s%c [getAllPosts] 전체 페이지 수: background: #e6e6e6;background: light-dark(rgba(0,0,0,0.1), rgba(255,255,255,0.25));color: #000000;color: light-dark(#000000, #ffffff);border-radius: 2px  Server   3 @ about://React/Server/webpack-internal:///(rsc)/./lib/notion.ts?57:273
[    4462ms] [LOG] %c%s%c [getAllPosts] 변환된 포스트 수 (필터 전): background: #e6e6e6;background: light-dark(rgba(0,0,0,0.1), rgba(255,255,255,0.25));color: #000000;color: light-dark(#000000, #ffffff);border-radius: 2px  Server   3 @ about://React/Server/webpack-internal:///(rsc)/./lib/notion.ts?58:275
[    4462ms] [LOG] %c%s%c [getAllPosts] 상태별 포스트: background: #e6e6e6;background: light-dark(rgba(0,0,0,0.1), rgba(255,255,255,0.25));color: #000000;color: light-dark(#000000, #ffffff);border-radius: 2px  Server   {발행됨: 3} @ about://React/Server/webpack-internal:///(rsc)/./lib/notion.ts?59:281
[    4463ms] [LOG] %c%s%c [getAllPosts] 발행됨 필터 후 포스트 수: background: #e6e6e6;background: light-dark(rgba(0,0,0,0.1), rgba(255,255,255,0.25));color: #000000;color: light-dark(#000000, #ffffff);border-radius: 2px  Server   3 @ about://React/Server/webpack-internal:///(rsc)/./lib/notion.ts?60:284
[    4463ms] [LOG] %c%s%c [getAllPosts] ✅ 최종 반환 포스트 수: background: #e6e6e6;background: light-dark(rgba(0,0,0,0.1), rgba(255,255,255,0.25));color: #000000;color: light-dark(#000000, #ffffff);border-radius: 2px  Server   3 @ about://React/Server/webpack-internal:///(rsc)/./lib/notion.ts?61:288
[    4463ms] [LOG] %c%s%c [getPostBySlug] 전체 글 수: 3 background: #e6e6e6;background: light-dark(rgba(0,0,0,0.1), rgba(255,255,255,0.25));color: #000000;color: light-dark(#000000, #ffffff);border-radius: 2px  Server   @ about://React/Server/webpack-internal:///(rsc)/./lib/notion.ts?62:319
[    4463ms] [LOG] %c%s%c [getPostBySlug] 글 조회 성공: 자바스크립트 강의 초안입니다. background: #e6e6e6;background: light-dark(rgba(0,0,0,0.1), rgba(255,255,255,0.25));color: #000000;color: light-dark(#000000, #ffffff);border-radius: 2px  Server   @ about://React/Server/webpack-internal:///(rsc)/./lib/notion.ts?63:330
[    4463ms] [LOG] %c%s%c [getPostBlocks] 요청: 353da59e-7d34-80ba-a340-da3e87577aa4, cursor: none background: #e6e6e6;background: light-dark(rgba(0,0,0,0.1), rgba(255,255,255,0.25));color: #000000;color: light-dark(#000000, #ffffff);border-radius: 2px  Server   @ about://React/Server/webpack-internal:///(rsc)/./lib/notion.ts?64:362
[    4463ms] [LOG] %c%s%c [getAllPosts] 검색 결과 수: background: #e6e6e6;background: light-dark(rgba(0,0,0,0.1), rgba(255,255,255,0.25));color: #000000;color: light-dark(#000000, #ffffff);border-radius: 2px  Server   3 @ about://React/Server/webpack-internal:///(rsc)/./lib/notion.ts?53:253
[    4464ms] [LOG] %c%s%c [getAllPosts] ✓ 매칭된 페이지: background: #e6e6e6;background: light-dark(rgba(0,0,0,0.1), rgba(255,255,255,0.25));color: #000000;color: light-dark(#000000, #ffffff);border-radius: 2px  Server   353da59e-7d34-80ba-a340-da3e87577aa4 @ about://React/Server/webpack-internal:///(rsc)/./lib/notion.ts?54:265
[    4464ms] [LOG] %c%s%c [getAllPosts] ✓ 매칭된 페이지: background: #e6e6e6;background: light-dark(rgba(0,0,0,0.1), rgba(255,255,255,0.25));color: #000000;color: light-dark(#000000, #ffffff);border-radius: 2px  Server   34eda59e-7d34-8077-b987-f8a0d7d92846 @ about://React/Server/webpack-internal:///(rsc)/./lib/notion.ts?54:265
[    4464ms] [LOG] %c%s%c [getAllPosts] ✓ 매칭된 페이지: background: #e6e6e6;background: light-dark(rgba(0,0,0,0.1), rgba(255,255,255,0.25));color: #000000;color: light-dark(#000000, #ffffff);border-radius: 2px  Server   34eda59e-7d34-804a-a5fe-f9fba835a2f3 @ about://React/Server/webpack-internal:///(rsc)/./lib/notion.ts?54:265
[    4464ms] [LOG] %c%s%c [getAllPosts] 필터링 후 페이지 수: background: #e6e6e6;background: light-dark(rgba(0,0,0,0.1), rgba(255,255,255,0.25));color: #000000;color: light-dark(#000000, #ffffff);border-radius: 2px  Server   3 @ about://React/Server/webpack-internal:///(rsc)/./lib/notion.ts?56:269
[    4464ms] [LOG] %c%s%c [getAllPosts] 전체 페이지 수: background: #e6e6e6;background: light-dark(rgba(0,0,0,0.1), rgba(255,255,255,0.25));color: #000000;color: light-dark(#000000, #ffffff);border-radius: 2px  Server   3 @ about://React/Server/webpack-internal:///(rsc)/./lib/notion.ts?57:273
[    4464ms] [LOG] %c%s%c [getAllPosts] 변환된 포스트 수 (필터 전): background: #e6e6e6;background: light-dark(rgba(0,0,0,0.1), rgba(255,255,255,0.25));color: #000000;color: light-dark(#000000, #ffffff);border-radius: 2px  Server   3 @ about://React/Server/webpack-internal:///(rsc)/./lib/notion.ts?58:275
[    4464ms] [LOG] %c%s%c [getAllPosts] 상태별 포스트: background: #e6e6e6;background: light-dark(rgba(0,0,0,0.1), rgba(255,255,255,0.25));color: #000000;color: light-dark(#000000, #ffffff);border-radius: 2px  Server   {발행됨: 3} @ about://React/Server/webpack-internal:///(rsc)/./lib/notion.ts?59:281
[    4464ms] [LOG] %c%s%c [getAllPosts] 발행됨 필터 후 포스트 수: background: #e6e6e6;background: light-dark(rgba(0,0,0,0.1), rgba(255,255,255,0.25));color: #000000;color: light-dark(#000000, #ffffff);border-radius: 2px  Server   3 @ about://React/Server/webpack-internal:///(rsc)/./lib/notion.ts?60:284
[    4464ms] [LOG] %c%s%c [getAllPosts] ✅ 최종 반환 포스트 수: background: #e6e6e6;background: light-dark(rgba(0,0,0,0.1), rgba(255,255,255,0.25));color: #000000;color: light-dark(#000000, #ffffff);border-radius: 2px  Server   3 @ about://React/Server/webpack-internal:///(rsc)/./lib/notion.ts?61:288
[    4464ms] [LOG] %c%s%c [getPostBySlug] 전체 글 수: 3 background: #e6e6e6;background: light-dark(rgba(0,0,0,0.1), rgba(255,255,255,0.25));color: #000000;color: light-dark(#000000, #ffffff);border-radius: 2px  Server   @ about://React/Server/webpack-internal:///(rsc)/./lib/notion.ts?62:319
[    4464ms] [LOG] %c%s%c [getPostBySlug] 글 조회 성공: 자바스크립트 강의 초안입니다. background: #e6e6e6;background: light-dark(rgba(0,0,0,0.1), rgba(255,255,255,0.25));color: #000000;color: light-dark(#000000, #ffffff);border-radius: 2px  Server   @ about://React/Server/webpack-internal:///(rsc)/./lib/notion.ts?63:330
[    4479ms] [LOG] %c%s%c [getPostBlocks] 블록 수신: 0개 (has_more: false) background: #e6e6e6;background: light-dark(rgba(0,0,0,0.1), rgba(255,255,255,0.25));color: #000000;color: light-dark(#000000, #ffffff);border-radius: 2px  Server   @ about://React/Server/webpack-internal:///(rsc)/./lib/notion.ts?75:378
[    4479ms] [LOG] %c%s%c [getPostBlocks] ✅ 전체 블록 수: 0 (pageId: 353da59e-7d34-80ba-a340-da3e87577aa4) background: #e6e6e6;background: light-dark(rgba(0,0,0,0.1), rgba(255,255,255,0.25));color: #000000;color: light-dark(#000000, #ffffff);border-radius: 2px  Server   @ about://React/Server/webpack-internal:///(rsc)/./lib/notion.ts?76:382
