[    3555ms] [ERROR] Failed to load resource: the server responded with a status of 500 (Internal Server Error) @ http://localhost:3000/admin/login:0
[    4228ms] [INFO] %cDownload the React DevTools for a better development experience: https://react.dev/link/react-devtools font-weight:bold @ webpack-internal:///(pages-dir-browser)/./node_modules/react-dom/cjs/react-dom-client.development.js:28004
[    4361ms] InvariantError: Invariant: Expected clientReferenceManifest to be defined. This is a bug in Next.js.
    at assertClientReferenceManifest (file://C:\Users\wornt\workspace\my-blog\node_modules\next\dist\compiled\next-server\app-page.runtime.dev.js:39:26046)
    at renderToHTMLOrFlightImpl (file://C:\Users\wornt\workspace\my-blog\node_modules\next\dist\compiled\next-server\app-page.runtime.dev.js:39:30572)
    at AsyncLocalStorage.run (node:internal/async_local_storage/async_context_frame:63:14)
    at renderToHTMLOrFlight (file://C:\Users\wornt\workspace\my-blog\node_modules\next\dist\compiled\next-server\app-page.runtime.dev.js:39:48706)
    at AppPageRouteModule.render (file://C:\Users\wornt\workspace\my-blog\node_modules\next\dist\compiled\next-server\app-page.runtime.dev.js:41:60070)
    at invokeRouteModule (webpack-internal:///(rsc)/./node_modules/next/dist/build/webpack/loaders/next-app-loader/index.js?name=app%2Fadmin%2Flogin%2Fpage&page=%2Fadmin%2Flogin%2Fpage&appPaths=%2Fadmin%2Flogin%2Fpage&pagePath=private-next-app-dir%2Fadmin%2Flogin%2Fpage.tsx&appDir=C%3A%5CUsers%5Cwornt%5Cworkspace%5Cmy-blog%5Capp&pageExtensions=tsx&pageExtensions=ts&pageExtensions=jsx&pageExtensions=js&rootDir=C%3A%5CUsers%5Cwornt%5Cworkspace%5Cmy-blog&isDev=true&tsconfigPath=tsconfig.json&basePath=&assetPrefix=&nextConfigOutput=&preferredRegion=&middlewareConfig=e30%3D&isGlobalNotFoundEnabled=!:323:32)
    at doRender (webpack-internal:///(rsc)/./node_modules/next/dist/build/webpack/loaders/next-app-loader/index.js?name=app%2Fadmin%2Flogin%2Fpage&page=%2Fadmin%2Flogin%2Fpage&appPaths=%2Fadmin%2Flogin%2Fpage&pagePath=private-next-app-dir%2Fadmin%2Flogin%2Fpage.tsx&appDir=C%3A%5CUsers%5Cwornt%5Cworkspace%5Cmy-blog%5Capp&pageExtensions=tsx&pageExtensions=ts&pageExtensions=jsx&pageExtensions=js&rootDir=C%3A%5CUsers%5Cwornt%5Cworkspace%5Cmy-blog&isDev=true&tsconfigPath=tsconfig.json&basePath=&assetPrefix=&nextConfigOutput=&preferredRegion=&middlewareConfig=e30%3D&isGlobalNotFoundEnabled=!:432:34)
    at responseGenerator (webpack-internal:///(rsc)/./node_modules/next/dist/build/webpack/loaders/next-app-loader/index.js?name=app%2Fadmin%2Flogin%2Fpage&page=%2Fadmin%2Flogin%2Fpage&appPaths=%2Fadmin%2Flogin%2Fpage&pagePath=private-next-app-dir%2Fadmin%2Flogin%2Fpage.tsx&appDir=C%3A%5CUsers%5Cwornt%5Cworkspace%5Cmy-blog%5Capp&pageExtensions=tsx&pageExtensions=ts&pageExtensions=jsx&pageExtensions=js&rootDir=C%3A%5CUsers%5Cwornt%5Cworkspace%5Cmy-blog&isDev=true&tsconfigPath=tsconfig.json&basePath=&assetPrefix=&nextConfigOutput=&preferredRegion=&middlewareConfig=e30%3D&isGlobalNotFoundEnabled=!:576:20)
    at responseGenerator (webpack-internal:///(rsc)/./node_modules/next/dist/build/webpack/loaders/next-app-loader/index.js?name=app%2Fadmin%2Flogin%2Fpage&page=%2Fadmin%2Flogin%2Fpage&appPaths=%2Fadmin%2Flogin%2Fpage&pagePath=private-next-app-dir%2Fadmin%2Flogin%2Fpage.tsx&appDir=C%3A%5CUsers%5Cwornt%5Cworkspace%5Cmy-blog%5Capp&pageExtensions=tsx&pageExtensions=ts&pageExtensions=jsx&pageExtensions=js&rootDir=C%3A%5CUsers%5Cwornt%5Cworkspace%5Cmy-blog&isDev=true&tsconfigPath=tsconfig.json&basePath=&assetPrefix=&nextConfigOutput=&preferredRegion=&middlewareConfig=e30%3D&isGlobalNotFoundEnabled=!:586:41)
    at ResponseCache.get (file://C:\Users\wornt\workspace\my-blog\node_modules\next\dist\compiled\next-server\app-page.runtime.dev.js:35:13608)
    at AppPageRouteModule.handleResponse (file://C:\Users\wornt\workspace\my-blog\node_modules\next\dist\compiled\next-server\app-page.runtime.dev.js:41:57325)
    at async handleResponse (webpack-internal:///(rsc)/./node_modules/next/dist/build/webpack/loaders/next-app-loader/index.js?name=app%2Fadmin%2Flogin%2Fpage&page=%2Fadmin%2Flogin%2Fpage&appPaths=%2Fadmin%2Flogin%2Fpage&pagePath=private-next-app-dir%2Fadmin%2Flogin%2Fpage.tsx&appDir=C%3A%5CUsers%5Cwornt%5Cworkspace%5Cmy-blog%5Capp&pageExtensions=tsx&pageExtensions=ts&pageExtensions=jsx&pageExtensions=js&rootDir=C%3A%5CUsers%5Cwornt%5Cworkspace%5Cmy-blog&isDev=true&tsconfigPath=tsconfig.json&basePath=&assetPrefix=&nextConfigOutput=&preferredRegion=&middlewareConfig=e30%3D&isGlobalNotFoundEnabled=!:584:32)
    at async handler (webpack-internal:///(rsc)/./node_modules/next/dist/build/webpack/loaders/next-app-loader/index.js?name=app%2Fadmin%2Flogin%2Fpage&page=%2Fadmin%2Flogin%2Fpage&appPaths=%2Fadmin%2Flogin%2Fpage&pagePath=private-next-app-dir%2Fadmin%2Flogin%2Fpage.tsx&appDir=C%3A%5CUsers%5Cwornt%5Cworkspace%5Cmy-blog%5Capp&pageExtensions=tsx&pageExtensions=ts&pageExtensions=jsx&pageExtensions=js&rootDir=C%3A%5CUsers%5Cwornt%5Cworkspace%5Cmy-blog&isDev=true&tsconfigPath=tsconfig.json&basePath=&assetPrefix=&nextConfigOutput=&preferredRegion=&middlewareConfig=e30%3D&isGlobalNotFoundEnabled=!:962:20)
    at async DevServer.renderToResponseWithComponentsImpl (file://C:\Users\wornt\workspace\my-blog\node_modules\next\dist\server\base-server.js:1422:9)
    at async DevServer.renderPageComponent (file://C:\Users\wornt\workspace\my-blog\node_modules\next\dist\server\base-server.js:1474:24)
    at async DevServer.renderToResponseImpl (file://C:\Users\wornt\workspace\my-blog\node_modules\next\dist\server\base-server.js:1514:32)
    at async DevServer.pipeImpl (file://C:\Users\wornt\workspace\my-blog\node_modules\next\dist\server\base-server.js:1025:25)
    at async NextNodeServer.handleCatchallRenderRequest (file://C:\Users\wornt\workspace\my-blog\node_modules\next\dist\server\next-server.js:393:17)
    at async DevServer.handleRequestImpl (file://C:\Users\wornt\workspace\my-blog\node_modules\next\dist\server\base-server.js:916:17)
    at async (file://C:\Users\wornt\workspace\my-blog\node_modules\next\dist\server\dev\next-dev-server.js:400:20)
    at async Span.traceAsyncFn (file://C:\Users\wornt\workspace\my-blog\node_modules\next\dist\trace\trace.js:157:20)
    at async DevServer.handleRequest (file://C:\Users\wornt\workspace\my-blog\node_modules\next\dist\server\dev\next-dev-server.js:396:24)
    at async invokeRender (file://C:\Users\wornt\workspace\my-blog\node_modules\next\dist\server\lib\router-server.js:240:21)
    at async handleRequest (file://C:\Users\wornt\workspace\my-blog\node_modules\next\dist\server\lib\router-server.js:437:24)
    at async requestHandlerImpl (file://C:\Users\wornt\workspace\my-blog\node_modules\next\dist\server\lib\router-server.js:485:13)
    at async Server.requestListener (file://C:\Users\wornt\workspace\my-blog\node_modules\next\dist\server\lib\start-server.js:226:13)
[    4356ms] [LOG] [HMR] connected @ webpack-internal:///(pages-dir-browser)/./node_modules/next/dist/client/dev/hot-reloader/pages/websocket.js:45
[    4399ms] [ERROR] Failed to load resource: the server responded with a status of 404 (Not Found) @ http://localhost:3000/favicon.ico:0
[    4618ms] [LOG] [Fast Refresh] rebuilding @ webpack-internal:///(pages-dir-browser)/./node_modules/next/dist/client/dev/hot-reloader/pages/hot-reloader-pages.js:206
[    4947ms] [WARNING] [Fast Refresh] performing full reload because your application had an unrecoverable error @ webpack-internal:///(pages-dir-browser)/./node_modules/next/dist/client/dev/hot-reloader/pages/hot-reloader-pages.js:347
[    5386ms] [LOG] [Fast Refresh] rebuilding @ webpack-internal:///(pages-dir-browser)/./node_modules/next/dist/client/dev/hot-reloader/pages/hot-reloader-pages.js:206
[    5743ms] [WARNING] [Fast Refresh] performing full reload because your application had an unrecoverable error @ webpack-internal:///(pages-dir-browser)/./node_modules/next/dist/client/dev/hot-reloader/pages/hot-reloader-pages.js:347
[    6114ms] [LOG] [Fast Refresh] rebuilding @ webpack-internal:///(pages-dir-browser)/./node_modules/next/dist/client/dev/hot-reloader/pages/hot-reloader-pages.js:206
[    6151ms] [WARNING] [Fast Refresh] performing full reload because your application had an unrecoverable error @ webpack-internal:///(pages-dir-browser)/./node_modules/next/dist/client/dev/hot-reloader/pages/hot-reloader-pages.js:347
[    6543ms] [LOG] [Fast Refresh] rebuilding @ webpack-internal:///(pages-dir-browser)/./node_modules/next/dist/client/dev/hot-reloader/pages/hot-reloader-pages.js:206
[    6683ms] [WARNING] [Fast Refresh] performing full reload because your application had an unrecoverable error @ webpack-internal:///(pages-dir-browser)/./node_modules/next/dist/client/dev/hot-reloader/pages/hot-reloader-pages.js:347
[    6998ms] [LOG] [Fast Refresh] rebuilding @ webpack-internal:///(pages-dir-browser)/./node_modules/next/dist/client/dev/hot-reloader/pages/hot-reloader-pages.js:206
[    7855ms] [WARNING] [Fast Refresh] performing full reload because your application had an unrecoverable error @ webpack-internal:///(pages-dir-browser)/./node_modules/next/dist/client/dev/hot-reloader/pages/hot-reloader-pages.js:347
[    8271ms] [LOG] [Fast Refresh] rebuilding @ webpack-internal:///(pages-dir-browser)/./node_modules/next/dist/client/dev/hot-reloader/pages/hot-reloader-pages.js:206
[    8451ms] [ERROR] Failed to load resource: the server responded with a status of 404 (Not Found) @ http://localhost:3000/_next/static/css/app/layout.css?v=1777686558196:0
[    8455ms] [ERROR] Failed to load resource: the server responded with a status of 404 (Not Found) @ http://localhost:3000/_next/static/chunks/main-app.js?v=1777686558196:0
[    8456ms] [ERROR] Failed to load resource: the server responded with a status of 404 (Not Found) @ http://localhost:3000/_next/static/chunks/app-pages-internals.js:0
[    8485ms] [VERBOSE] [DOM] Input elements should have autocomplete attributes (suggested: "new-password"): (More info: https://goo.gl/9p2vKq) %o @ http://localhost:3000/admin/login:25
[    8507ms] [ERROR] Failed to load resource: the server responded with a status of 404 (Not Found) @ http://localhost:3000/_next/static/chunks/app/admin/layout.js:0
[    8516ms] [ERROR] Failed to load resource: the server responded with a status of 404 (Not Found) @ http://localhost:3000/_next/static/chunks/app/admin/login/page.js:0
[   22840ms] [ERROR] Failed to load resource: the server responded with a status of 404 (Not Found) @ http://localhost:3000/_next/static/css/app/layout.css?v=1777686572362:0
[   22844ms] [ERROR] Failed to load resource: the server responded with a status of 404 (Not Found) @ http://localhost:3000/_next/static/chunks/main-app.js?v=1777686572362:0
[   22847ms] [VERBOSE] [DOM] Input elements should have autocomplete attributes (suggested: "new-password"): (More info: https://goo.gl/9p2vKq) %o @ http://localhost:3000/admin/login?password=admin:25
[   22848ms] [ERROR] Failed to load resource: the server responded with a status of 404 (Not Found) @ http://localhost:3000/_next/static/chunks/app-pages-internals.js:0
[   22870ms] [ERROR] Failed to load resource: the server responded with a status of 404 (Not Found) @ http://localhost:3000/_next/static/chunks/app/admin/layout.js:0
[   22873ms] [ERROR] Failed to load resource: the server responded with a status of 404 (Not Found) @ http://localhost:3000/_next/static/chunks/app/admin/login/page.js:0
