[      23ms] [LOG] [Fast Refresh] rebuilding @ webpack-internal:///(app-pages-browser)/./node_modules/next/dist/client/dev/hot-reloader/app/hot-reloader-app.js:196
[      61ms] [LOG] [Fast Refresh] done in 37ms @ webpack-internal:///(app-pages-browser)/./node_modules/next/dist/client/dev/report-hmr-latency.js:13
[     302ms] [LOG] [Fast Refresh] rebuilding @ webpack-internal:///(app-pages-browser)/./node_modules/next/dist/client/dev/hot-reloader/app/hot-reloader-app.js:196
[     331ms] [LOG] [Fast Refresh] done in 29ms @ webpack-internal:///(app-pages-browser)/./node_modules/next/dist/client/dev/report-hmr-latency.js:13
[    1470ms] [LOG] [Fast Refresh] done in 1168ms @ webpack-internal:///(app-pages-browser)/./node_modules/next/dist/client/dev/report-hmr-latency.js:13
[    1474ms] [LOG] [Fast Refresh] rebuilding @ webpack-internal:///(app-pages-browser)/./node_modules/next/dist/client/dev/hot-reloader/app/hot-reloader-app.js:196
[    2228ms] [LOG] [Fast Refresh] done in 753ms @ webpack-internal:///(app-pages-browser)/./node_modules/next/dist/client/dev/report-hmr-latency.js:13
[    2233ms] [LOG] [Fast Refresh] rebuilding @ webpack-internal:///(app-pages-browser)/./node_modules/next/dist/client/dev/hot-reloader/app/hot-reloader-app.js:196
[    2511ms] [LOG] [Fast Refresh] rebuilding @ webpack-internal:///(app-pages-browser)/./node_modules/next/dist/client/dev/hot-reloader/app/hot-reloader-app.js:196
[    2526ms] [LOG] [Fast Refresh] done in 15ms @ webpack-internal:///(app-pages-browser)/./node_modules/next/dist/client/dev/report-hmr-latency.js:13
[    2894ms] Invalid or unexpected token
[    3399ms] [INFO] %cDownload the React DevTools for a better development experience: https://react.dev/link/react-devtools font-weight:bold @ webpack-internal:///(app-pages-browser)/./node_modules/next/dist/compiled/react-dom/cjs/react-dom-client.development.js:25630
[    3462ms] [LOG] %c%s%c [getAllPosts] API Key 상태: background: #e6e6e6;background: light-dark(rgba(0,0,0,0.1), rgba(255,255,255,0.25));color: #000000;color: light-dark(#000000, #ffffff);border-radius: 2px  Server   true DB ID 상태: true @ about://React/Server/webpack-internal:///(rsc)/./lib/notion.ts?4:204
[    3462ms] [LOG] %c%s%c [getAllPosts] 원본 DB ID: background: #e6e6e6;background: light-dark(rgba(0,0,0,0.1), rgba(255,255,255,0.25));color: #000000;color: light-dark(#000000, #ffffff);border-radius: 2px  Server   34eda59e7d34807289edd723b14338e7 @ about://React/Server/webpack-internal:///(rsc)/./lib/notion.ts?6:214
[    3462ms] [LOG] %c%s%c [getAllPosts] 형식화된 DB ID: background: #e6e6e6;background: light-dark(rgba(0,0,0,0.1), rgba(255,255,255,0.25));color: #000000;color: light-dark(#000000, #ffffff);border-radius: 2px  Server   34eda59e-7d34-8072-89ed-d723b14338e7 @ about://React/Server/webpack-internal:///(rsc)/./lib/notion.ts?7:215
[    3463ms] [LOG] %c%s%c [getAllPosts] Notion 데이터베이스 조회 시작... background: #e6e6e6;background: light-dark(rgba(0,0,0,0.1), rgba(255,255,255,0.25));color: #000000;color: light-dark(#000000, #ffffff);border-radius: 2px  Server   @ about://React/Server/webpack-internal:///(rsc)/./lib/notion.ts?8:216
[    3463ms] [LOG] %c%s%c [getAllPosts] /search 엔드포인트를 사용하여 페이지 검색... background: #e6e6e6;background: light-dark(rgba(0,0,0,0.1), rgba(255,255,255,0.25));color: #000000;color: light-dark(#000000, #ffffff);border-radius: 2px  Server   @ about://React/Server/webpack-internal:///(rsc)/./lib/notion.ts?9:217
[    3463ms] [LOG] %c%s%c [getAllPosts] 검색 요청 시작... background: #e6e6e6;background: light-dark(rgba(0,0,0,0.1), rgba(255,255,255,0.25));color: #000000;color: light-dark(#000000, #ffffff);border-radius: 2px  Server   @ about://React/Server/webpack-internal:///(rsc)/./lib/notion.ts?10:224
[    3463ms] [LOG] %c%s%c [getAllPosts] 검색 결과 수: background: #e6e6e6;background: light-dark(rgba(0,0,0,0.1), rgba(255,255,255,0.25));color: #000000;color: light-dark(#000000, #ffffff);border-radius: 2px  Server   1 @ about://React/Server/webpack-internal:///(rsc)/./lib/notion.ts?11:253
[    3464ms] [LOG] %c%s%c [getAllPosts] ✓ 매칭된 페이지: background: #e6e6e6;background: light-dark(rgba(0,0,0,0.1), rgba(255,255,255,0.25));color: #000000;color: light-dark(#000000, #ffffff);border-radius: 2px  Server   355da59e-7d34-8181-ab38-e9fda6363df8 @ about://React/Server/webpack-internal:///(rsc)/./lib/notion.ts?12:265
[    3464ms] [LOG] %c%s%c [getAllPosts] 필터링 후 페이지 수: background: #e6e6e6;background: light-dark(rgba(0,0,0,0.1), rgba(255,255,255,0.25));color: #000000;color: light-dark(#000000, #ffffff);border-radius: 2px  Server   1 @ about://React/Server/webpack-internal:///(rsc)/./lib/notion.ts?14:269
[    3464ms] [LOG] %c%s%c [getAllPosts] 전체 페이지 수: background: #e6e6e6;background: light-dark(rgba(0,0,0,0.1), rgba(255,255,255,0.25));color: #000000;color: light-dark(#000000, #ffffff);border-radius: 2px  Server   1 @ about://React/Server/webpack-internal:///(rsc)/./lib/notion.ts?15:273
[    3464ms] [LOG] %c%s%c [getAllPosts] 변환된 포스트 수 (필터 전): background: #e6e6e6;background: light-dark(rgba(0,0,0,0.1), rgba(255,255,255,0.25));color: #000000;color: light-dark(#000000, #ffffff);border-radius: 2px  Server   1 @ about://React/Server/webpack-internal:///(rsc)/./lib/notion.ts?16:275
[    3465ms] [LOG] %c%s%c [getAllPosts] 상태별 포스트: background: #e6e6e6;background: light-dark(rgba(0,0,0,0.1), rgba(255,255,255,0.25));color: #000000;color: light-dark(#000000, #ffffff);border-radius: 2px  Server   {발행됨: 1} @ about://React/Server/webpack-internal:///(rsc)/./lib/notion.ts?17:281
[    3465ms] [LOG] %c%s%c [getAllPosts] 발행됨 필터 후 포스트 수: background: #e6e6e6;background: light-dark(rgba(0,0,0,0.1), rgba(255,255,255,0.25));color: #000000;color: light-dark(#000000, #ffffff);border-radius: 2px  Server   1 @ about://React/Server/webpack-internal:///(rsc)/./lib/notion.ts?18:284
[    3465ms] [LOG] %c%s%c [getAllPosts] ✅ 최종 반환 포스트 수: background: #e6e6e6;background: light-dark(rgba(0,0,0,0.1), rgba(255,255,255,0.25));color: #000000;color: light-dark(#000000, #ffffff);border-radius: 2px  Server   1 @ about://React/Server/webpack-internal:///(rsc)/./lib/notion.ts?19:288
[    3465ms] [LOG] %c%s%c [HOME PAGE] Notion 글 수: background: #e6e6e6;background: light-dark(rgba(0,0,0,0.1), rgba(255,255,255,0.25));color: #000000;color: light-dark(#000000, #ffffff);border-radius: 2px  Server   1 @ about://React/Server/webpack-internal:///(rsc)/./app/page.tsx?20:25
[    3465ms] [LOG] %c%s%c [HOME PAGE] 표시될 글 수: background: #e6e6e6;background: light-dark(rgba(0,0,0,0.1), rgba(255,255,255,0.25));color: #000000;color: light-dark(#000000, #ffffff);border-radius: 2px  Server   1 @ about://React/Server/webpack-internal:///(rsc)/./app/page.tsx?21:27
[    3466ms] [LOG] %c%s%c [HOME PAGE] 테스트 글 사용? background: #e6e6e6;background: light-dark(rgba(0,0,0,0.1), rgba(255,255,255,0.25));color: #000000;color: light-dark(#000000, #ffffff);border-radius: 2px  Server   false @ about://React/Server/webpack-internal:///(rsc)/./app/page.tsx?22:28
