[    3530ms] [ERROR] Failed to load resource: the server responded with a status of 500 (Internal Server Error) @ http://localhost:3000/:0
[    3988ms] [INFO] %cDownload the React DevTools for a better development experience: https://react.dev/link/react-devtools font-weight:bold @ webpack-internal:///(pages-dir-browser)/./node_modules/react-dom/cjs/react-dom-client.development.js:28004
[    4118ms] InvariantError: Invariant: Expected clientReferenceManifest to be defined. This is a bug in Next.js.
    at assertClientReferenceManifest (file://C:\Users\wornt\workspace\my-blog\node_modules\next\dist\compiled\next-server\app-page.runtime.dev.js:39:26046)
    at renderToHTMLOrFlightImpl (file://C:\Users\wornt\workspace\my-blog\node_modules\next\dist\compiled\next-server\app-page.runtime.dev.js:39:30572)
    at AsyncLocalStorage.run (node:internal/async_local_storage/async_context_frame:63:14)
    at renderToHTMLOrFlight (file://C:\Users\wornt\workspace\my-blog\node_modules\next\dist\compiled\next-server\app-page.runtime.dev.js:39:48706)
    at AppPageRouteModule.render (file://C:\Users\wornt\workspace\my-blog\node_modules\next\dist\compiled\next-server\app-page.runtime.dev.js:41:60070)
    at invokeRouteModule (webpack-internal:///(rsc)/./node_modules/next/dist/build/webpack/loaders/next-app-loader/index.js?name=app%2Fpage&page=%2Fpage&appPaths=%2Fpage&pagePath=private-next-app-dir%2Fpage.tsx&appDir=C%3A%5CUsers%5Cwornt%5Cworkspace%5Cmy-blog%5Capp&pageExtensions=tsx&pageExtensions=ts&pageExtensions=jsx&pageExtensions=js&rootDir=C%3A%5CUsers%5Cwornt%5Cworkspace%5Cmy-blog&isDev=true&tsconfigPath=tsconfig.json&basePath=&assetPrefix=&nextConfigOutput=&preferredRegion=&middlewareConfig=e30%3D&isGlobalNotFoundEnabled=!:304:32)
    at doRender (webpack-internal:///(rsc)/./node_modules/next/dist/build/webpack/loaders/next-app-loader/index.js?name=app%2Fpage&page=%2Fpage&appPaths=%2Fpage&pagePath=private-next-app-dir%2Fpage.tsx&appDir=C%3A%5CUsers%5Cwornt%5Cworkspace%5Cmy-blog%5Capp&pageExtensions=tsx&pageExtensions=ts&pageExtensions=jsx&pageExtensions=js&rootDir=C%3A%5CUsers%5Cwornt%5Cworkspace%5Cmy-blog&isDev=true&tsconfigPath=tsconfig.json&basePath=&assetPrefix=&nextConfigOutput=&preferredRegion=&middlewareConfig=e30%3D&isGlobalNotFoundEnabled=!:413:34)
    at responseGenerator (webpack-internal:///(rsc)/./node_modules/next/dist/build/webpack/loaders/next-app-loader/index.js?name=app%2Fpage&page=%2Fpage&appPaths=%2Fpage&pagePath=private-next-app-dir%2Fpage.tsx&appDir=C%3A%5CUsers%5Cwornt%5Cworkspace%5Cmy-blog%5Capp&pageExtensions=tsx&pageExtensions=ts&pageExtensions=jsx&pageExtensions=js&rootDir=C%3A%5CUsers%5Cwornt%5Cworkspace%5Cmy-blog&isDev=true&tsconfigPath=tsconfig.json&basePath=&assetPrefix=&nextConfigOutput=&preferredRegion=&middlewareConfig=e30%3D&isGlobalNotFoundEnabled=!:557:20)
    at responseGenerator (webpack-internal:///(rsc)/./node_modules/next/dist/build/webpack/loaders/next-app-loader/index.js?name=app%2Fpage&page=%2Fpage&appPaths=%2Fpage&pagePath=private-next-app-dir%2Fpage.tsx&appDir=C%3A%5CUsers%5Cwornt%5Cworkspace%5Cmy-blog%5Capp&pageExtensions=tsx&pageExtensions=ts&pageExtensions=jsx&pageExtensions=js&rootDir=C%3A%5CUsers%5Cwornt%5Cworkspace%5Cmy-blog&isDev=true&tsconfigPath=tsconfig.json&basePath=&assetPrefix=&nextConfigOutput=&preferredRegion=&middlewareConfig=e30%3D&isGlobalNotFoundEnabled=!:567:41)
    at ResponseCache.get (file://C:\Users\wornt\workspace\my-blog\node_modules\next\dist\compiled\next-server\app-page.runtime.dev.js:35:13608)
    at AppPageRouteModule.handleResponse (file://C:\Users\wornt\workspace\my-blog\node_modules\next\dist\compiled\next-server\app-page.runtime.dev.js:41:57325)
    at async handleResponse (webpack-internal:///(rsc)/./node_modules/next/dist/build/webpack/loaders/next-app-loader/index.js?name=app%2Fpage&page=%2Fpage&appPaths=%2Fpage&pagePath=private-next-app-dir%2Fpage.tsx&appDir=C%3A%5CUsers%5Cwornt%5Cworkspace%5Cmy-blog%5Capp&pageExtensions=tsx&pageExtensions=ts&pageExtensions=jsx&pageExtensions=js&rootDir=C%3A%5CUsers%5Cwornt%5Cworkspace%5Cmy-blog&isDev=true&tsconfigPath=tsconfig.json&basePath=&assetPrefix=&nextConfigOutput=&preferredRegion=&middlewareConfig=e30%3D&isGlobalNotFoundEnabled=!:565:32)
    at async handler (webpack-internal:///(rsc)/./node_modules/next/dist/build/webpack/loaders/next-app-loader/index.js?name=app%2Fpage&page=%2Fpage&appPaths=%2Fpage&pagePath=private-next-app-dir%2Fpage.tsx&appDir=C%3A%5CUsers%5Cwornt%5Cworkspace%5Cmy-blog%5Capp&pageExtensions=tsx&pageExtensions=ts&pageExtensions=jsx&pageExtensions=js&rootDir=C%3A%5CUsers%5Cwornt%5Cworkspace%5Cmy-blog&isDev=true&tsconfigPath=tsconfig.json&basePath=&assetPrefix=&nextConfigOutput=&preferredRegion=&middlewareConfig=e30%3D&isGlobalNotFoundEnabled=!:943:20)
    at async DevServer.renderToResponseWithComponentsImpl (file://C:\Users\wornt\workspace\my-blog\node_modules\next\dist\server\base-server.js:1422:9)
    at async DevServer.renderPageComponent (file://C:\Users\wornt\workspace\my-blog\node_modules\next\dist\server\base-server.js:1474:24)
    at async DevServer.renderToResponseImpl (file://C:\Users\wornt\workspace\my-blog\node_modules\next\dist\server\base-server.js:1514:32)
    at async DevServer.pipeImpl (file://C:\Users\wornt\workspace\my-blog\node_modules\next\dist\server\base-server.js:1025:25)
    at async NextNodeServer.handleCatchallRenderRequest (file://C:\Users\wornt\workspace\my-blog\node_modules\next\dist\server\next-server.js:393:17)
    at async DevServer.handleRequestImpl (file://C:\Users\wornt\workspace\my-blog\node_modules\next\dist\server\base-server.js:916:17)
    at async (file://C:\Users\wornt\workspace\my-blog\node_modules\next\dist\server\dev\next-dev-server.js:400:20)
    at async Span.traceAsyncFn (file://C:\Users\wornt\workspace\my-blog\node_modules\next\dist\trace\trace.js:157:20)
    at async DevServer.handleRequest (file://C:\Users\wornt\workspace\my-blog\node_modules\next\dist\server\dev\next-dev-server.js:396:24)
    at async invokeRender (file://C:\Users\wornt\workspace\my-blog\node_modules\next\dist\server\lib\router-server.js:240:21)
    at async handleRequest (file://C:\Users\wornt\workspace\my-blog\node_modules\next\dist\server\lib\router-server.js:437:24)
    at async requestHandlerImpl (file://C:\Users\wornt\workspace\my-blog\node_modules\next\dist\server\lib\router-server.js:485:13)
    at async Server.requestListener (file://C:\Users\wornt\workspace\my-blog\node_modules\next\dist\server\lib\start-server.js:226:13)
[    4113ms] [LOG] [HMR] connected @ webpack-internal:///(pages-dir-browser)/./node_modules/next/dist/client/dev/hot-reloader/pages/websocket.js:45
[    4143ms] [ERROR] Failed to load resource: the server responded with a status of 404 (Not Found) @ http://localhost:3000/favicon.ico:0
[    4228ms] [LOG] [Fast Refresh] rebuilding @ webpack-internal:///(pages-dir-browser)/./node_modules/next/dist/client/dev/hot-reloader/pages/hot-reloader-pages.js:206
[    4684ms] [WARNING] [Fast Refresh] performing full reload

Fast Refresh will perform a full reload when you edit a file that's imported by modules outside of the React rendering tree.
You might have a file which exports a React component but also exports a value that is imported by a non-React component file.
Consider migrating the non-React component export to a separate file and importing it into both files.

It is also possible the parent component of the component you edited is a class component, which disables Fast Refresh.
Fast Refresh requires at least one parent function component in your React tree. @ webpack-internal:///(pages-dir-browser)/./node_modules/next/dist/client/dev/hot-reloader/pages/hot-reloader-pages.js:345
[    4771ms] [ERROR] Failed to load resource: the server responded with a status of 404 (Not Found) @ http://localhost:3000/_next/static/css/app/layout.css?v=1777625126163:0
[    4776ms] [ERROR] Failed to load resource: the server responded with a status of 404 (Not Found) @ http://localhost:3000/_next/static/chunks/main-app.js?v=1777625126163:0
[    4777ms] [ERROR] Failed to load resource: the server responded with a status of 404 (Not Found) @ http://localhost:3000/_next/static/chunks/app-pages-internals.js:0
[    4985ms] [ERROR] Failed to load resource: the server responded with a status of 404 (Not Found) @ http://localhost:3000/_next/static/chunks/app/page.js:0
[    5007ms] Invalid or unexpected token
