[    2847ms] [ERROR] Failed to load resource: the server responded with a status of 500 (Internal Server Error) @ http://localhost:3000/:0
[    3376ms] [INFO] %cDownload the React DevTools for a better development experience: https://react.dev/link/react-devtools font-weight:bold @ webpack-internal:///(pages-dir-browser)/./node_modules/react-dom/cjs/react-dom-client.development.js:28004
[    3548ms] Error: ENOENT: no such file or directory, open 'C:\Users\wornt\workspace\my-blog\.next\server\app-paths-manifest.json'
    at readFileSync (node:fs:440:20)
    at loadManifest (file://C:\Users\wornt\workspace\my-blog\node_modules\next\dist\server\load-manifest.external.js:41:41)
    at getMaybePagePath (file://C:\Users\wornt\workspace\my-blog\node_modules\next\dist\server\require.js:51:67)
    at getPagePath (file://C:\Users\wornt\workspace\my-blog\node_modules\next\dist\server\require.js:86:22)
    at requirePage (file://C:\Users\wornt\workspace\my-blog\node_modules\next\dist\server\require.js:93:22)
    at loadComponentsImpl (file://C:\Users\wornt\workspace\my-blog\node_modules\next\dist\server\load-components.js:132:57)
    at async DevServer.findPageComponentsImpl (file://C:\Users\wornt\workspace\my-blog\node_modules\next\dist\server\next-server.js:899:36)
    at async DevServer.findPageComponents (file://C:\Users\wornt\workspace\my-blog\node_modules\next\dist\server\dev\next-dev-server.js:706:16)
    at async DevServer.renderPageComponent (file://C:\Users\wornt\workspace\my-blog\node_modules\next\dist\server\base-server.js:1460:24)
    at async DevServer.renderToResponseImpl (file://C:\Users\wornt\workspace\my-blog\node_modules\next\dist\server\base-server.js:1514:32)
    at async DevServer.pipeImpl (file://C:\Users\wornt\workspace\my-blog\node_modules\next\dist\server\base-server.js:1025:25)
    at async NextNodeServer.handleCatchallRenderRequest (file://C:\Users\wornt\workspace\my-blog\node_modules\next\dist\server\next-server.js:393:17)
    at async DevServer.handleRequestImpl (file://C:\Users\wornt\workspace\my-blog\node_modules\next\dist\server\base-server.js:916:17)
    at async (file://C:\Users\wornt\workspace\my-blog\node_modules\next\dist\server\dev\next-dev-server.js:400:20)
    at async Span.traceAsyncFn (file://C:\Users\wornt\workspace\my-blog\node_modules\next\dist\trace\trace.js:157:20)
    at async DevServer.handleRequest (file://C:\Users\wornt\workspace\my-blog\node_modules\next\dist\server\dev\next-dev-server.js:396:24)
    at async invokeRender (file://C:\Users\wornt\workspace\my-blog\node_modules\next\dist\server\lib\router-server.js:240:21)
    at async handleRequest (file://C:\Users\wornt\workspace\my-blog\node_modules\next\dist\server\lib\router-server.js:437:24)
    at async requestHandlerImpl (file://C:\Users\wornt\workspace\my-blog\node_modules\next\dist\server\lib\router-server.js:485:13)
    at async Server.requestListener (file://C:\Users\wornt\workspace\my-blog\node_modules\next\dist\server\lib\start-server.js:226:13)
[    3543ms] [LOG] [HMR] connected @ webpack-internal:///(pages-dir-browser)/./node_modules/next/dist/client/dev/hot-reloader/pages/websocket.js:45
[    3565ms] [ERROR] Failed to load resource: the server responded with a status of 404 (Not Found) @ http://localhost:3000/favicon.ico:0
[    4044ms] [LOG] [Fast Refresh] rebuilding @ webpack-internal:///(pages-dir-browser)/./node_modules/next/dist/client/dev/hot-reloader/pages/hot-reloader-pages.js:206
[    4093ms] [WARNING] [Fast Refresh] performing full reload because your application had an unrecoverable error @ webpack-internal:///(pages-dir-browser)/./node_modules/next/dist/client/dev/hot-reloader/pages/hot-reloader-pages.js:347
[    4920ms] [ERROR] Failed to load resource: the server responded with a status of 404 (Not Found) @ http://localhost:3000/_next/static/css/app/layout.css?v=1777623815335:0
[    4984ms] [ERROR] Failed to load resource: the server responded with a status of 404 (Not Found) @ http://localhost:3000/_next/static/chunks/main-app.js?v=1777623815335:0
[    4984ms] [ERROR] Failed to load resource: the server responded with a status of 404 (Not Found) @ http://localhost:3000/_next/static/chunks/app-pages-internals.js:0
[    4984ms] [ERROR] Failed to load resource: the server responded with a status of 404 (Not Found) @ http://localhost:3000/_next/static/chunks/app/page.js:0
[    4987ms] Invalid or unexpected token
